Archive member included to satisfy reference by file (symbol)

/Users/henrymiller/Library/Application Support/Pebble SDK/SDKs/current/sdk-core/pebble/basalt/lib/libpebble.a(tmp7xovz5ktpebble.o)
                              src/c/main.c.25.o (accel_tap_service_subscribe)
/Users/henrymiller/Library/Application Support/Pebble SDK/SDKs/4.9.127/toolchain/arm-none-eabi/bin/../lib/gcc/arm-none-eabi/14.2.1/thumb/v7-m/nofp/libgcc.a(_arm_muldf3.o)
                              src/c/mooncalc.c.25.o (__aeabi_dmul)
/Users/henrymiller/Library/Application Support/Pebble SDK/SDKs/4.9.127/toolchain/arm-none-eabi/bin/../lib/gcc/arm-none-eabi/14.2.1/thumb/v7-m/nofp/libgcc.a(_arm_addsubdf3.o)
                              src/c/mooncalc.c.25.o (__aeabi_dsub)
/Users/henrymiller/Library/Application Support/Pebble SDK/SDKs/4.9.127/toolchain/arm-none-eabi/bin/../lib/gcc/arm-none-eabi/14.2.1/thumb/v7-m/nofp/libgcc.a(_arm_muldivdf3.o)
                              src/c/mooncalc.c.25.o (__aeabi_ddiv)
/Users/henrymiller/Library/Application Support/Pebble SDK/SDKs/4.9.127/toolchain/arm-none-eabi/bin/../lib/gcc/arm-none-eabi/14.2.1/thumb/v7-m/nofp/libgcc.a(_arm_cmpdf2.o)
                              src/c/mooncalc.c.25.o (__aeabi_dcmplt)
/Users/henrymiller/Library/Application Support/Pebble SDK/SDKs/4.9.127/toolchain/arm-none-eabi/bin/../lib/gcc/arm-none-eabi/14.2.1/thumb/v7-m/nofp/libgcc.a(_arm_fixdfsi.o)
                              src/c/mooncalc.c.25.o (__aeabi_d2iz)
/Users/henrymiller/Library/Application Support/Pebble SDK/SDKs/4.9.127/toolchain/arm-none-eabi/bin/../lib/gcc/arm-none-eabi/14.2.1/../../../../arm-none-eabi/lib/thumb/v7-m/nofp/libc.a(libc_a-atexit.o)
                              /Users/henrymiller/Library/Application Support/Pebble SDK/SDKs/4.9.127/toolchain/arm-none-eabi/bin/../lib/gcc/arm-none-eabi/14.2.1/../../../../arm-none-eabi/lib/thumb/v7-m/nofp/crt0.o (atexit)
/Users/henrymiller/Library/Application Support/Pebble SDK/SDKs/4.9.127/toolchain/arm-none-eabi/bin/../lib/gcc/arm-none-eabi/14.2.1/../../../../arm-none-eabi/lib/thumb/v7-m/nofp/libc.a(libc_a-exit.o)
                              /Users/henrymiller/Library/Application Support/Pebble SDK/SDKs/4.9.127/toolchain/arm-none-eabi/bin/../lib/gcc/arm-none-eabi/14.2.1/../../../../arm-none-eabi/lib/thumb/v7-m/nofp/crt0.o (exit)
/Users/henrymiller/Library/Application Support/Pebble SDK/SDKs/4.9.127/toolchain/arm-none-eabi/bin/../lib/gcc/arm-none-eabi/14.2.1/../../../../arm-none-eabi/lib/thumb/v7-m/nofp/libc.a(libc_a-findfp.o)
                              /Users/henrymiller/Library/Application Support/Pebble SDK/SDKs/4.9.127/toolchain/arm-none-eabi/bin/../lib/gcc/arm-none-eabi/14.2.1/../../../../arm-none-eabi/lib/thumb/v7-m/nofp/libc.a(libc_a-exit.o) (__stdio_exit_handler)
/Users/henrymiller/Library/Application Support/Pebble SDK/SDKs/4.9.127/toolchain/arm-none-eabi/bin/../lib/gcc/arm-none-eabi/14.2.1/../../../../arm-none-eabi/lib/thumb/v7-m/nofp/libc.a(libc_a-impure.o)
                              /Users/henrymiller/Library/Application Support/Pebble SDK/SDKs/4.9.127/toolchain/arm-none-eabi/bin/../lib/gcc/arm-none-eabi/14.2.1/../../../../arm-none-eabi/lib/thumb/v7-m/nofp/libc.a(libc_a-findfp.o) (_impure_data)
/Users/henrymiller/Library/Application Support/Pebble SDK/SDKs/4.9.127/toolchain/arm-none-eabi/bin/../lib/gcc/arm-none-eabi/14.2.1/../../../../arm-none-eabi/lib/thumb/v7-m/nofp/libc.a(libc_a-init.o)
                              /Users/henrymiller/Library/Application Support/Pebble SDK/SDKs/4.9.127/toolchain/arm-none-eabi/bin/../lib/gcc/arm-none-eabi/14.2.1/../../../../arm-none-eabi/lib/thumb/v7-m/nofp/crt0.o (__libc_init_array)
/Users/henrymiller/Library/Application Support/Pebble SDK/SDKs/4.9.127/toolchain/arm-none-eabi/bin/../lib/gcc/arm-none-eabi/14.2.1/../../../../arm-none-eabi/lib/thumb/v7-m/nofp/libc.a(libc_a-fini.o)
                              /Users/henrymiller/Library/Application Support/Pebble SDK/SDKs/4.9.127/toolchain/arm-none-eabi/bin/../lib/gcc/arm-none-eabi/14.2.1/../../../../arm-none-eabi/lib/thumb/v7-m/nofp/crt0.o (__libc_fini_array)
/Users/henrymiller/Library/Application Support/Pebble SDK/SDKs/4.9.127/toolchain/arm-none-eabi/bin/../lib/gcc/arm-none-eabi/14.2.1/../../../../arm-none-eabi/lib/thumb/v7-m/nofp/libc.a(libc_a-lock.o)
                              /Users/henrymiller/Library/Application Support/Pebble SDK/SDKs/4.9.127/toolchain/arm-none-eabi/bin/../lib/gcc/arm-none-eabi/14.2.1/../../../../arm-none-eabi/lib/thumb/v7-m/nofp/libc.a(libc_a-findfp.o) (__retarget_lock_init_recursive)
/Users/henrymiller/Library/Application Support/Pebble SDK/SDKs/4.9.127/toolchain/arm-none-eabi/bin/../lib/gcc/arm-none-eabi/14.2.1/../../../../arm-none-eabi/lib/thumb/v7-m/nofp/libc.a(libc_a-__atexit.o)
                              /Users/henrymiller/Library/Application Support/Pebble SDK/SDKs/4.9.127/toolchain/arm-none-eabi/bin/../lib/gcc/arm-none-eabi/14.2.1/../../../../arm-none-eabi/lib/thumb/v7-m/nofp/libc.a(libc_a-atexit.o) (__register_exitproc)
[...]
Memory Configuration

Name             Origin             Length             Attributes
APP              0x00000000         0x00010000         xrw
*default*        0x00000000         0xffffffff

Linker script and memory map

LOAD /Users/henrymiller/Library/Application Support/Pebble SDK/SDKs/4.9.127/toolchain/arm-none-eabi/bin/../lib/gcc/arm-none-eabi/14.2.1/thumb/v7-m/nofp/crti.o
LOAD /Users/henrymiller/Library/Application Support/Pebble SDK/SDKs/4.9.127/toolchain/arm-none-eabi/bin/../lib/gcc/arm-none-eabi/14.2.1/thumb/v7-m/nofp/crtbegin.o
LOAD /Users/henrymiller/Library/Application Support/Pebble SDK/SDKs/4.9.127/toolchain/arm-none-eabi/bin/../lib/gcc/arm-none-eabi/14.2.1/../../../../arm-none-eabi/lib/thumb/v7-m/nofp/crt0.o
LOAD src/c/effect_layer.c.25.o
LOAD src/c/effects.c.25.o
LOAD src/c/main.c.25.o
LOAD src/c/modules/battery.c.25.o
LOAD src/c/modules/colors.c.25.o
LOAD src/c/modules/comm.c.25.o
LOAD src/c/modules/connection.c.25.o
LOAD src/c/modules/health.c.25.o
LOAD src/c/modules/weather.c.25.o
LOAD src/c/modules/weather_format.c.25.o
LOAD src/c/mooncalc.c.25.o
LOAD src/c/state/events.c.25.o
LOAD src/c/state/settings.c.25.o
LOAD src/c/state/state.c.25.o
LOAD src/c/ui/battery_style.c.25.o
LOAD src/c/ui/formatting.c.25.o
LOAD src/c/ui/layers/background.c.25.o
LOAD src/c/ui/layers/date_layer.c.25.o
LOAD src/c/ui/layers/status_layer.c.25.o
LOAD src/c/ui/layers/time_layer.c.25.o
LOAD src/c/ui/layers/weather_layer.c.25.o
LOAD src/c/ui/layout.c.25.o
LOAD src/c/ui/painters/digits.c.25.o
LOAD basalt/appinfo.auto.c.25.o
LOAD basalt/src/resource_ids.auto.c.25.o
LOAD src/message_keys.auto.c.25.o
LOAD /Users/henrymiller/Library/Application Support/Pebble SDK/SDKs/current/sdk-core/pebble/basalt/lib/libpebble.a
LOAD /Users/henrymiller/Documents/MMS All/pebble-mss-master/node_modules/pebble-clay/dist/binaries/basalt/libpebble-clay.a
START GROUP
LOAD /Users/henrymiller/Library/Application Support/Pebble SDK/SDKs/4.9.127/toolchain/arm-none-eabi/bin/../lib/gcc/arm-none-eabi/14.2.1/thumb/v7-m/nofp/libgcc.a
LOAD /Users/henrymiller/Library/Application Support/Pebble SDK/SDKs/4.9.127/toolchain/arm-none-eabi/bin/../lib/gcc/arm-none-eabi/14.2.1/../../../../arm-none-eabi/lib/thumb/v7-m/nofp/libc.a
END GROUP
LOAD /Users/henrymiller/Library/Application Support/Pebble SDK/SDKs/4.9.127/toolchain/arm-none-eabi/bin/../lib/gcc/arm-none-eabi/14.2.1/thumb/v7-m/nofp/crtend.o
LOAD /Users/henrymiller/Library/Application Support/Pebble SDK/SDKs/4.9.127/toolchain/arm-none-eabi/bin/../lib/gcc/arm-none-eabi/14.2.1/thumb/v7-m/nofp/crtn.o

.header         0x00000000       0x82
 *(.pbl_header)
 .pbl_header    0x00000000       0x82 basalt/appinfo.auto.c.25.o
                0x00000000                __pbl_app_info

.note.gnu.build-id
                0x00000082       0x26
                [!provide]                        PROVIDE (BUILD_ID = .)
 *(.note.gnu.build-id)
 *fill*         0x00000082        0x2 
 .note.gnu.build-id
                0x00000084       0x24 linker stubs

.text           0x000000a8     0x5cde
 *(.text)
 .text          0x000000a8       0x14 /Users/henrymiller/Library/Application Support/Pebble SDK/SDKs/current/sdk-core/pebble/basalt/lib/libpebble.a(tmp7xovz5ktpebble.o)
 .text          0x000000bc      0x378 /Users/henrymiller/Library/Application Support/Pebble SDK/SDKs/4.9.127/toolchain/arm-none-eabi/bin/../lib/gcc/arm-none-eabi/14.2.1/thumb/v7-m/nofp/libgcc.a(_arm_addsubdf3.o)
                0x000000bc                __aeabi_drsub
                0x000000c4                __subdf3
                0x000000c4                __aeabi_dsub
                0x000000c8                __aeabi_dadd
                0x000000c8                __adddf3
                0x00000340                __aeabi_ui2d
                0x00000340                __floatunsidf
                0x00000360                __floatsidf
                0x00000360                __aeabi_i2d
                0x00000384                __extendsfdf2
                0x00000384                __aeabi_f2d
                0x000003c8                __aeabi_ul2d
                0x000003c8                __floatundidf
                0x000003d8                __aeabi_l2d
                0x000003d8                __floatdidf
 .text          0x00000434      0x424 /Users/henrymiller/Library/Application Support/Pebble SDK/SDKs/4.9.127/toolchain/arm-none-eabi/bin/../lib/gcc/arm-none-eabi/14.2.1/thumb/v7-m/nofp/libgcc.a(_arm_muldivdf3.o)
                0x00000434                __aeabi_dmul
                0x00000434                __muldf3
                0x00000688                __aeabi_ddiv
                0x00000688                __divdf3
 .text          0x00000858      0x110 /Users/henrymiller/Library/Application Support/Pebble SDK/SDKs/4.9.127/toolchain/arm-none-eabi/bin/../lib/gcc/arm-none-eabi/14.2.1/thumb/v7-m/nofp/libgcc.a(_arm_cmpdf2.o)
                0x00000858                __gedf2
                0x00000858                __gtdf2
                0x00000860                __ledf2
                0x00000860                __ltdf2
                0x00000868                __cmpdf2
                0x00000868                __eqdf2
                0x00000868                __nedf2
                0x000008e4                __aeabi_cdrcmple
                0x000008f4                __aeabi_cdcmple
                0x000008f4                __aeabi_cdcmpeq
                0x00000904                __aeabi_dcmpeq
                0x00000918                __aeabi_dcmplt
                0x0000092c                __aeabi_dcmple
                0x00000940                __aeabi_dcmpge
                0x00000954                __aeabi_dcmpgt
 .text          0x00000968       0x50 /Users/henrymiller/Library/Application Support/Pebble SDK/SDKs/4.9.127/toolchain/arm-none-eabi/bin/../lib/gcc/arm-none-eabi/14.2.1/thumb/v7-m/nofp/libgcc.a(_arm_fixdfsi.o)
                0x00000968                __fixdfsi
                0x00000968                __aeabi_d2iz
 *(.text.*)
 .text.effect_layer_update_proc
                0x000009b8      0x110 src/c/effect_layer.c.25.o
 .text.effect_layer_create
                0x00000ac8       0x38 src/c/effect_layer.c.25.o
                0x00000ac8                effect_layer_create
 .text.effect_layer_destroy
                0x00000b00        0x6 src/c/effect_layer.c.25.o
                0x00000b00                effect_layer_destroy
 .text.effect_layer_add_effect
                0x00000b06       0x1a src/c/effect_layer.c.25.o
                0x00000b06                effect_layer_add_effect
 .text.effect_layer_get_layer
                0x00000b20        0x4 src/c/effect_layer.c.25.o
                0x00000b20                effect_layer_get_layer
 .text.effect_invert_color
                0x00000b24       0xb0 src/c/effects.c.25.o
                0x00000b24                effect_invert_color
 .text.update_tick_timer_service
                0x00000bd4       0xd0 src/c/main.c.25.o
 .text.tap_handler
                0x00000ca4       0x84 src/c/main.c.25.o
 .text.main_window_unload
                0x00000d28       0x4c src/c/main.c.25.o
 .text.update_date_and_week
                0x00000d74      0x2a0 src/c/main.c.25.o
 .text.update_all_ui
                0x00001014       0xcc src/c/main.c.25.o
 .text.main_window_load
                0x000010e0       0xbc src/c/main.c.25.o
 .text.process_events
                0x0000119c      0x210 src/c/main.c.25.o
 .text.tick_handler
                0x000013ac       0x10 src/c/main.c.25.o
 .text.startup.main
                0x000013bc       0xa8 src/c/main.c.25.o
                0x000013bc                main
 .text.battery_handle_event
                0x00001464      0x11c src/c/modules/battery.c.25.o
                0x00001464                battery_handle_event
 .text.battery_module_init
                0x00001580       0xe8 src/c/modules/battery.c.25.o
                0x00001580                battery_module_init
 .text.battery_module_deinit
                0x00001668       0x64 src/c/modules/battery.c.25.o
                0x00001668                battery_module_deinit
 .text.colors_init
                0x000016cc      0x634 src/c/modules/colors.c.25.o
                0x000016cc                colors_init
 .text.colors_get_scheme
                0x00001d00       0x20 src/c/modules/colors.c.25.o
                0x00001d00                colors_get_scheme
 .text.colors_get_weather_icon_colors
                0x00001d20       0x70 src/c/modules/colors.c.25.o
                0x00001d20                colors_get_weather_icon_colors
 .text.inbox_dropped_callback
                0x00001d90        0x2 src/c/modules/comm.c.25.o
 .text.outbox_sent_callback
                0x00001d92        0x2 src/c/modules/comm.c.25.o
 .text.outbox_failed_callback
                0x00001d94       0x28 src/c/modules/comm.c.25.o
 .text.inbox_received_callback
                0x00001dbc       0x40 src/c/modules/comm.c.25.o
 .text.comm_init
                0x00001dfc       0x54 src/c/modules/comm.c.25.o
                0x00001dfc                comm_init
 .text.comm_deinit
                0x00001e50        0x4 src/c/modules/comm.c.25.o
                0x00001e50                comm_deinit
 .text.comm_request_weather
                0x00001e54       0x4c src/c/modules/comm.c.25.o
                0x00001e54                comm_request_weather
 .text.bluetooth_callback
                0x00001ea0       0x40 src/c/modules/connection.c.25.o
 .text.connection_module_init
                0x00001ee0       0x28 src/c/modules/connection.c.25.o
                0x00001ee0                connection_module_init
 .text.connection_module_deinit
                0x00001f08        0x4 src/c/modules/connection.c.25.o
                0x00001f08                connection_module_deinit
 .text.health_module_deinit
                0x00001f0c        0x4 src/c/modules/health.c.25.o
                0x00001f0c                health_module_deinit
 .text.health_update
                0x00001f10       0xbe src/c/modules/health.c.25.o
                0x00001f10                health_update
 *fill*         0x00001fce        0x2 
 .text.health_module_init
                0x00001fd0       0x1c src/c/modules/health.c.25.o
                0x00001fd0                health_module_init
 .text.health_handler
                0x00001fec        0xa src/c/modules/health.c.25.o
 .text.weather_deinit
                0x00001ff6       0xa0 src/c/modules/weather.c.25.o
                0x00001ff6                weather_deinit
 *fill*         0x00002096        0x2 
 .text.weather_handle_app_message
                0x00002098      0x1a0 src/c/modules/weather.c.25.o
                0x00002098                weather_handle_app_message
 .text.weather_check_staleness
                0x00002238       0x3c src/c/modules/weather.c.25.o
                0x00002238                weather_check_staleness
 .text.weather_init
                0x00002274      0x188 src/c/modules/weather.c.25.o
                0x00002274                weather_init
 .text.weather_request_update
                0x000023fc        0x4 src/c/modules/weather.c.25.o
                0x000023fc                weather_request_update
 .text.weather_is_night
                0x00002400       0x34 src/c/modules/weather.c.25.o
                0x00002400                weather_is_night
 .text.c_to_f_rounded
                0x00002434       0x1a src/c/modules/weather_format.c.25.o
 *fill*         0x0000244e        0x2 
 .text.weather_format_wind
                0x00002450       0x84 src/c/modules/weather_format.c.25.o
                0x00002450                weather_format_wind
 .text.weather_format_pressure
                0x000024d4       0x98 src/c/modules/weather_format.c.25.o
                0x000024d4                weather_format_pressure
 .text.weather_format_hi_lo
                0x0000256c       0x54 src/c/modules/weather_format.c.25.o
                0x0000256c                weather_format_hi_lo
 .text.tm2jd    0x000025c0       0x80 src/c/mooncalc.c.25.o
                0x000025c0                tm2jd
 .text.moon_phase
                0x00002640       0x60 src/c/mooncalc.c.25.o
                0x00002640                moon_phase
 .text.calc_moonphase_number
                0x000026a0       0x38 src/c/mooncalc.c.25.o
                0x000026a0                calc_moonphase_number
 .text.moonphase_char_number
                0x000026d8       0x18 src/c/mooncalc.c.25.o
                0x000026d8                moonphase_char_number
 .text.events_init
                0x000026f0       0x10 src/c/state/events.c.25.o
                0x000026f0                events_init
 .text.events_set_flag
                0x00002700       0x10 src/c/state/events.c.25.o
                0x00002700                events_set_flag
 .text.events_get_and_clear_flags
                0x00002710       0x10 src/c/state/events.c.25.o
                0x00002710                events_get_and_clear_flags
 .text.sanitize_settings
                0x00002720       0x98 src/c/state/settings.c.25.o
 .text.tuple_to_int
                0x000027b8       0x1e src/c/state/settings.c.25.o
 *fill*         0x000027d6        0x2 
 .text.settings_get_instance
                0x000027d8        0xc src/c/state/settings.c.25.o
                0x000027d8                settings_get_instance
 .text.settings_load
                0x000027e4      0x324 src/c/state/settings.c.25.o
                0x000027e4                settings_load
 .text.settings_save
                0x00002b08       0xf0 src/c/state/settings.c.25.o
                0x00002b08                settings_save
 .text.settings_handle_app_message
                0x00002bf8      0x48c src/c/state/settings.c.25.o
                0x00002bf8                settings_handle_app_message
 .text.state_init
                0x00003084       0x48 src/c/state/state.c.25.o
                0x00003084                state_init
 .text.state_get_ptr
                0x000030cc        0xc src/c/state/state.c.25.o
                0x000030cc                state_get_ptr
 .text.battery_style_get_palette
                0x000030d8       0x48 src/c/ui/battery_style.c.25.o
                0x000030d8                battery_style_get_palette
 .text.format_temperature
                0x00003120       0x28 src/c/ui/formatting.c.25.o
                0x00003120                format_temperature
 .text.format_time_elapsed
                0x00003148       0xa8 src/c/ui/formatting.c.25.o
                0x00003148                format_time_elapsed
 .text.format_sun_time
                0x000031f0       0x38 src/c/ui/formatting.c.25.o
                0x000031f0                format_sun_time
 .text.create_text_layer
                0x00003228       0x46 src/c/ui/formatting.c.25.o
                0x00003228                create_text_layer
 .text.update_proc
                0x0000326e      0x3fa src/c/ui/layers/background.c.25.o
 .text.background_layer_create
                0x00003668       0x2c src/c/ui/layers/background.c.25.o
                0x00003668                background_layer_create
 .text.background_layer_destroy
                0x00003694       0x14 src/c/ui/layers/background.c.25.o
                0x00003694                background_layer_destroy
 .text.background_layer_get_layer
                0x000036a8        0x4 src/c/ui/layers/background.c.25.o
                0x000036a8                background_layer_get_layer
 .text.background_layer_mark_dirty
                0x000036ac        0x6 src/c/ui/layers/background.c.25.o
                0x000036ac                background_layer_mark_dirty
 *fill*         0x000036b2        0x2 
 .text.date_layer_create
                0x000036b4       0xcc src/c/ui/layers/date_layer.c.25.o
                0x000036b4                date_layer_create
 .text.date_layer_destroy
                0x00003780       0x20 src/c/ui/layers/date_layer.c.25.o
                0x00003780                date_layer_destroy
 .text.date_layer_get_layer
                0x000037a0        0x4 src/c/ui/layers/date_layer.c.25.o
                0x000037a0                date_layer_get_layer
 .text.date_layer_update_text
                0x000037a4        0x6 src/c/ui/layers/date_layer.c.25.o
                0x000037a4                date_layer_update_text
 .text.date_layer_update_cw
                0x000037aa        0x6 src/c/ui/layers/date_layer.c.25.o
                0x000037aa                date_layer_update_cw
 .text.date_layer_update_color
                0x000037b0       0x18 src/c/ui/layers/date_layer.c.25.o
                0x000037b0                date_layer_update_color
 .text.date_layer_set_cw_visible
                0x000037c8       0x16 src/c/ui/layers/date_layer.c.25.o
                0x000037c8                date_layer_set_cw_visible
 *fill*         0x000037de        0x2 
 .text.health_trend_update_proc
                0x000037e0      0x104 src/c/ui/layers/status_layer.c.25.o
 .text.status_layer_create
                0x000038e4      0x210 src/c/ui/layers/status_layer.c.25.o
                0x000038e4                status_layer_create
 .text.status_layer_destroy
                0x00003af4       0x56 src/c/ui/layers/status_layer.c.25.o
                0x00003af4                status_layer_destroy
 .text.status_layer_get_layer
                0x00003b4a        0x4 src/c/ui/layers/status_layer.c.25.o
                0x00003b4a                status_layer_get_layer
 *fill*         0x00003b4e        0x2 
 .text.status_layer_update
                0x00003b50      0x404 src/c/ui/layers/status_layer.c.25.o
                0x00003b50                status_layer_update
 .text.status_layer_update_colors
                0x00003f54       0x66 src/c/ui/layers/status_layer.c.25.o
                0x00003f54                status_layer_update_colors
 *fill*         0x00003fba        0x2 
 .text.init_digit
                0x00003fbc       0x4c src/c/ui/layers/time_layer.c.25.o
 .text.digit_update_proc
                0x00004008       0x24 src/c/ui/layers/time_layer.c.25.o
 .text.time_layer_destroy
                0x0000402c       0x26 src/c/ui/layers/time_layer.c.25.o
                0x0000402c                time_layer_destroy
 .text.time_layer_get_layer
                0x00004052        0x4 src/c/ui/layers/time_layer.c.25.o
                0x00004052                time_layer_get_layer
 .text.time_layer_set_show_seconds
                0x00004056       0x1e src/c/ui/layers/time_layer.c.25.o
                0x00004056                time_layer_set_show_seconds
 .text.time_layer_create
                0x00004074       0xbe src/c/ui/layers/time_layer.c.25.o
                0x00004074                time_layer_create
 .text.time_layer_update
                0x00004132       0x54 src/c/ui/layers/time_layer.c.25.o
                0x00004132                time_layer_update
 .text.time_layer_update_colors
                0x00004186       0x22 src/c/ui/layers/time_layer.c.25.o
                0x00004186                time_layer_update_colors
 .text.format_weather_info_line.constprop.0
                0x000041a8       0x74 src/c/ui/layers/weather_layer.c.25.o
 .text.weather_layer_create
                0x0000421c      0x1e0 src/c/ui/layers/weather_layer.c.25.o
                0x0000421c                weather_layer_create
 .text.weather_layer_destroy
                0x000043fc       0x64 src/c/ui/layers/weather_layer.c.25.o
                0x000043fc                weather_layer_destroy
 .text.weather_layer_get_layer
                0x00004460        0x4 src/c/ui/layers/weather_layer.c.25.o
                0x00004460                weather_layer_get_layer
 *fill*         0x00004464        0x4 
 .text.weather_layer_update_data
                0x00004468      0x21c src/c/ui/layers/weather_layer.c.25.o
                0x00004468                weather_layer_update_data
 .text.weather_layer_update_colors
                0x00004684      0x170 src/c/ui/layers/weather_layer.c.25.o
                0x00004684                weather_layer_update_colors
 .text.scale_value
                0x000047f4       0x20 src/c/ui/layout.c.25.o
 .text.scale_and_offset_x
                0x00004814       0x18 src/c/ui/layout.c.25.o
 .text.scale_and_offset_y
                0x0000482c       0x18 src/c/ui/layout.c.25.o
 .text.layout_init
                0x00004844       0x78 src/c/ui/layout.c.25.o
                0x00004844                layout_init
 .text.layout_get_rect
                0x000048bc       0x5c src/c/ui/layout.c.25.o
                0x000048bc                layout_get_rect
 .text.layout_get_time_digit_rect
                0x00004918       0x50 src/c/ui/layout.c.25.o
                0x00004918                layout_get_time_digit_rect
 .text.layout_get_line_coord
                0x00004968       0x30 src/c/ui/layout.c.25.o
                0x00004968                layout_get_line_coord
 .text.layout_get_battery_fill_rect
                0x00004998       0x40 src/c/ui/layout.c.25.o
                0x00004998                layout_get_battery_fill_rect
 .text.layout_get_sunrise_arrow_top
                0x000049d8       0x26 src/c/ui/layout.c.25.o
                0x000049d8                layout_get_sunrise_arrow_top
 .text.layout_get_sunrise_arrow_bottom
                0x000049fe       0x26 src/c/ui/layout.c.25.o
                0x000049fe                layout_get_sunrise_arrow_bottom
 .text.layout_get_sunset_arrow_top
                0x00004a24       0x26 src/c/ui/layout.c.25.o
                0x00004a24                layout_get_sunset_arrow_top
 .text.layout_get_sunset_arrow_bottom
                0x00004a4a       0x26 src/c/ui/layout.c.25.o
                0x00004a4a                layout_get_sunset_arrow_bottom
 .text.paint_seg_41
                0x00004a70      0x5b8 src/c/ui/painters/digits.c.25.o
 .text.digits_paint
                0x00005028      0x224 src/c/ui/painters/digits.c.25.o
                0x00005028                digits_paint
 .text.accel_tap_service_subscribe
                0x0000524c        0xc /Users/henrymiller/Library/Application Support/Pebble SDK/SDKs/current/sdk-core/pebble/basalt/lib/libpebble.a(tmp7xovz5ktpebble.o)
                0x0000524c                accel_tap_service_subscribe
 .text.accel_tap_service_unsubscribe
                0x00005258        0xc /Users/henrymiller/Library/Application Support/Pebble SDK/SDKs/current/sdk-core/pebble/basalt/lib/libpebble.a(tmp7xovz5ktpebble.o)
                0x00005258                accel_tap_service_unsubscribe
 .text.app_event_loop
                0x00005264        0xc /Users/henrymiller/Library/Application Support/Pebble SDK/SDKs/current/sdk-core/pebble/basalt/lib/libpebble.a(tmp7xovz5ktpebble.o)
                0x00005264                app_event_loop
 .text.app_log  0x00005270        0xc /Users/henrymiller/Library/Application Support/Pebble SDK/SDKs/current/sdk-core/pebble/basalt/lib/libpebble.a(tmp7xovz5ktpebble.o)
                0x00005270                app_log
 .text.app_message_deregister_callbacks
                0x0000527c        0xc /Users/henrymiller/Library/Application Support/Pebble SDK/SDKs/current/sdk-core/pebble/basalt/lib/libpebble.a(tmp7xovz5ktpebble.o)
                0x0000527c                app_message_deregister_callbacks
 .text.app_message_open
                0x00005288        0xc /Users/henrymiller/Library/Application Support/Pebble SDK/SDKs/current/sdk-core/pebble/basalt/lib/libpebble.a(tmp7xovz5ktpebble.o)
                0x00005288                app_message_open
 .text.atoi     0x00005294        0xc /Users/henrymiller/Library/Application Support/Pebble SDK/SDKs/current/sdk-core/pebble/basalt/lib/libpebble.a(tmp7xovz5ktpebble.o)
                0x00005294                atoi
 .text.battery_state_service_peek
                0x000052a0        0xc /Users/henrymiller/Library/Application Support/Pebble SDK/SDKs/current/sdk-core/pebble/basalt/lib/libpebble.a(tmp7xovz5ktpebble.o)
                0x000052a0                battery_state_service_peek
 .text.battery_state_service_subscribe
                0x000052ac        0xc /Users/henrymiller/Library/Application Support/Pebble SDK/SDKs/current/sdk-core/pebble/basalt/lib/libpebble.a(tmp7xovz5ktpebble.o)
                0x000052ac                battery_state_service_subscribe
 .text.battery_state_service_unsubscribe
                0x000052b8        0xc /Users/henrymiller/Library/Application Support/Pebble SDK/SDKs/current/sdk-core/pebble/basalt/lib/libpebble.a(tmp7xovz5ktpebble.o)
                0x000052b8                battery_state_service_unsubscribe
 .text.bitmap_layer_create
                0x000052c4        0xc /Users/henrymiller/Library/Application Support/Pebble SDK/SDKs/current/sdk-core/pebble/basalt/lib/libpebble.a(tmp7xovz5ktpebble.o)
                0x000052c4                bitmap_layer_create
 .text.bitmap_layer_destroy
                0x000052d0        0xc /Users/henrymiller/Library/Application Support/Pebble SDK/SDKs/current/sdk-core/pebble/basalt/lib/libpebble.a(tmp7xovz5ktpebble.o)
                0x000052d0                bitmap_layer_destroy
 .text.bitmap_layer_get_layer
                0x000052dc        0xc /Users/henrymiller/Library/Application Support/Pebble SDK/SDKs/current/sdk-core/pebble/basalt/lib/libpebble.a(tmp7xovz5ktpebble.o)
                0x000052dc                bitmap_layer_get_layer
 .text.bitmap_layer_set_alignment
                0x000052e8        0xc /Users/henrymiller/Library/Application Support/Pebble SDK/SDKs/current/sdk-core/pebble/basalt/lib/libpebble.a(tmp7xovz5ktpebble.o)
                0x000052e8                bitmap_layer_set_alignment
 .text.bitmap_layer_set_bitmap
                0x000052f4        0xc /Users/henrymiller/Library/Application Support/Pebble SDK/SDKs/current/sdk-core/pebble/basalt/lib/libpebble.a(tmp7xovz5ktpebble.o)
                0x000052f4                bitmap_layer_set_bitmap
 .text.clock_is_24h_style
                0x00005300        0xc /Users/henrymiller/Library/Application Support/Pebble SDK/SDKs/current/sdk-core/pebble/basalt/lib/libpebble.a(tmp7xovz5ktpebble.o)
                0x00005300                clock_is_24h_style
 .text.dict_read_first
                0x0000530c        0xc /Users/henrymiller/Library/Application Support/Pebble SDK/SDKs/current/sdk-core/pebble/basalt/lib/libpebble.a(tmp7xovz5ktpebble.o)
                0x0000530c                dict_read_first
 .text.dict_read_next
                0x00005318        0xc /Users/henrymiller/Library/Application Support/Pebble SDK/SDKs/current/sdk-core/pebble/basalt/lib/libpebble.a(tmp7xovz5ktpebble.o)
                0x00005318                dict_read_next
 .text.dict_write_int
                0x00005324        0xc /Users/henrymiller/Library/Application Support/Pebble SDK/SDKs/current/sdk-core/pebble/basalt/lib/libpebble.a(tmp7xovz5ktpebble.o)
                0x00005324                dict_write_int
 .text.fonts_get_system_font
                0x00005330        0xc /Users/henrymiller/Library/Application Support/Pebble SDK/SDKs/current/sdk-core/pebble/basalt/lib/libpebble.a(tmp7xovz5ktpebble.o)
                0x00005330                fonts_get_system_font
 .text.fonts_load_custom_font
                0x0000533c        0xc /Users/henrymiller/Library/Application Support/Pebble SDK/SDKs/current/sdk-core/pebble/basalt/lib/libpebble.a(tmp7xovz5ktpebble.o)
                0x0000533c                fonts_load_custom_font
 .text.fonts_unload_custom_font
                0x00005348        0xc /Users/henrymiller/Library/Application Support/Pebble SDK/SDKs/current/sdk-core/pebble/basalt/lib/libpebble.a(tmp7xovz5ktpebble.o)
                0x00005348                fonts_unload_custom_font
 .text.free     0x00005354        0xc /Users/henrymiller/Library/Application Support/Pebble SDK/SDKs/current/sdk-core/pebble/basalt/lib/libpebble.a(tmp7xovz5ktpebble.o)
                0x00005354                free
 .text.gbitmap_create_with_resource
                0x00005360        0xc /Users/henrymiller/Library/Application Support/Pebble SDK/SDKs/current/sdk-core/pebble/basalt/lib/libpebble.a(tmp7xovz5ktpebble.o)
                0x00005360                gbitmap_create_with_resource
 .text.gbitmap_destroy
                0x0000536c        0xc /Users/henrymiller/Library/Application Support/Pebble SDK/SDKs/current/sdk-core/pebble/basalt/lib/libpebble.a(tmp7xovz5ktpebble.o)
                0x0000536c                gbitmap_destroy
 .text.gmtime   0x00005378        0xc /Users/henrymiller/Library/Application Support/Pebble SDK/SDKs/current/sdk-core/pebble/basalt/lib/libpebble.a(tmp7xovz5ktpebble.o)
                0x00005378                gmtime
 .text.graphics_draw_line
                0x00005384        0xc /Users/henrymiller/Library/Application Support/Pebble SDK/SDKs/current/sdk-core/pebble/basalt/lib/libpebble.a(tmp7xovz5ktpebble.o)
                0x00005384                graphics_draw_line
 .text.graphics_fill_rect
                0x00005390        0xc /Users/henrymiller/Library/Application Support/Pebble SDK/SDKs/current/sdk-core/pebble/basalt/lib/libpebble.a(tmp7xovz5ktpebble.o)
                0x00005390                graphics_fill_rect
 .text.layer_add_child
                0x0000539c        0xc /Users/henrymiller/Library/Application Support/Pebble SDK/SDKs/current/sdk-core/pebble/basalt/lib/libpebble.a(tmp7xovz5ktpebble.o)
                0x0000539c                layer_add_child
 .text.layer_create
                0x000053a8        0xc /Users/henrymiller/Library/Application Support/Pebble SDK/SDKs/current/sdk-core/pebble/basalt/lib/libpebble.a(tmp7xovz5ktpebble.o)
                0x000053a8                layer_create
 .text.layer_create_with_data
                0x000053b4        0xc /Users/henrymiller/Library/Application Support/Pebble SDK/SDKs/current/sdk-core/pebble/basalt/lib/libpebble.a(tmp7xovz5ktpebble.o)
                0x000053b4                layer_create_with_data
 .text.layer_destroy
                0x000053c0        0xc /Users/henrymiller/Library/Application Support/Pebble SDK/SDKs/current/sdk-core/pebble/basalt/lib/libpebble.a(tmp7xovz5ktpebble.o)
                0x000053c0                layer_destroy
 .text.layer_get_bounds
                0x000053cc        0xc /Users/henrymiller/Library/Application Support/Pebble SDK/SDKs/current/sdk-core/pebble/basalt/lib/libpebble.a(tmp7xovz5ktpebble.o)
                0x000053cc                layer_get_bounds
 .text.layer_get_data
                0x000053d8        0xc /Users/henrymiller/Library/Application Support/Pebble SDK/SDKs/current/sdk-core/pebble/basalt/lib/libpebble.a(tmp7xovz5ktpebble.o)
                0x000053d8                layer_get_data
 .text.layer_get_frame
                0x000053e4        0xc /Users/henrymiller/Library/Application Support/Pebble SDK/SDKs/current/sdk-core/pebble/basalt/lib/libpebble.a(tmp7xovz5ktpebble.o)
                0x000053e4                layer_get_frame
 .text.layer_mark_dirty
                0x000053f0        0xc /Users/henrymiller/Library/Application Support/Pebble SDK/SDKs/current/sdk-core/pebble/basalt/lib/libpebble.a(tmp7xovz5ktpebble.o)
                0x000053f0                layer_mark_dirty
 .text.layer_set_frame
                0x000053fc        0xc /Users/henrymiller/Library/Application Support/Pebble SDK/SDKs/current/sdk-core/pebble/basalt/lib/libpebble.a(tmp7xovz5ktpebble.o)
                0x000053fc                layer_set_frame
 .text.layer_set_hidden
                0x00005408        0xc /Users/henrymiller/Library/Application Support/Pebble SDK/SDKs/current/sdk-core/pebble/basalt/lib/libpebble.a(tmp7xovz5ktpebble.o)
                0x00005408                layer_set_hidden
 .text.layer_set_update_proc
                0x00005414        0xc /Users/henrymiller/Library/Application Support/Pebble SDK/SDKs/current/sdk-core/pebble/basalt/lib/libpebble.a(tmp7xovz5ktpebble.o)
                0x00005414                layer_set_update_proc
 .text.light_enable
                0x00005420        0xc /Users/henrymiller/Library/Application Support/Pebble SDK/SDKs/current/sdk-core/pebble/basalt/lib/libpebble.a(tmp7xovz5ktpebble.o)
                0x00005420                light_enable
 .text.malloc   0x0000542c        0xc /Users/henrymiller/Library/Application Support/Pebble SDK/SDKs/current/sdk-core/pebble/basalt/lib/libpebble.a(tmp7xovz5ktpebble.o)
                0x0000542c                malloc
 .text.memset   0x00005438        0xc /Users/henrymiller/Library/Application Support/Pebble SDK/SDKs/current/sdk-core/pebble/basalt/lib/libpebble.a(tmp7xovz5ktpebble.o)
                0x00005438                memset
 .text.persist_exists
                0x00005444        0xc /Users/henrymiller/Library/Application Support/Pebble SDK/SDKs/current/sdk-core/pebble/basalt/lib/libpebble.a(tmp7xovz5ktpebble.o)
                0x00005444                persist_exists
 .text.persist_read_int
                0x00005450        0xc /Users/henrymiller/Library/Application Support/Pebble SDK/SDKs/current/sdk-core/pebble/basalt/lib/libpebble.a(tmp7xovz5ktpebble.o)
                0x00005450                persist_read_int
 .text.persist_write_int
                0x0000545c        0xc /Users/henrymiller/Library/Application Support/Pebble SDK/SDKs/current/sdk-core/pebble/basalt/lib/libpebble.a(tmp7xovz5ktpebble.o)
                0x0000545c                persist_write_int
 .text.persist_write_string
                0x00005468        0xc /Users/henrymiller/Library/Application Support/Pebble SDK/SDKs/current/sdk-core/pebble/basalt/lib/libpebble.a(tmp7xovz5ktpebble.o)
                0x00005468                persist_write_string
 .text.resource_get_handle
                0x00005474        0xc /Users/henrymiller/Library/Application Support/Pebble SDK/SDKs/current/sdk-core/pebble/basalt/lib/libpebble.a(tmp7xovz5ktpebble.o)
                0x00005474                resource_get_handle
 .text.snprintf
                0x00005480        0xc /Users/henrymiller/Library/Application Support/Pebble SDK/SDKs/current/sdk-core/pebble/basalt/lib/libpebble.a(tmp7xovz5ktpebble.o)
                0x00005480                snprintf
 .text.strcpy   0x0000548c        0xc /Users/henrymiller/Library/Application Support/Pebble SDK/SDKs/current/sdk-core/pebble/basalt/lib/libpebble.a(tmp7xovz5ktpebble.o)
                0x0000548c                strcpy
 .text.strftime
                0x00005498        0xc /Users/henrymiller/Library/Application Support/Pebble SDK/SDKs/current/sdk-core/pebble/basalt/lib/libpebble.a(tmp7xovz5ktpebble.o)
                0x00005498                strftime
 .text.strlen   0x000054a4        0xc /Users/henrymiller/Library/Application Support/Pebble SDK/SDKs/current/sdk-core/pebble/basalt/lib/libpebble.a(tmp7xovz5ktpebble.o)
                0x000054a4                strlen
 .text.strncmp  0x000054b0        0xc /Users/henrymiller/Library/Application Support/Pebble SDK/SDKs/current/sdk-core/pebble/basalt/lib/libpebble.a(tmp7xovz5ktpebble.o)
                0x000054b0                strncmp
 .text.tick_timer_service_subscribe
                0x000054bc        0xc /Users/henrymiller/Library/Application Support/Pebble SDK/SDKs/current/sdk-core/pebble/basalt/lib/libpebble.a(tmp7xovz5ktpebble.o)
                0x000054bc                tick_timer_service_subscribe
 .text.vibes_long_pulse
                0x000054c8        0xc /Users/henrymiller/Library/Application Support/Pebble SDK/SDKs/current/sdk-core/pebble/basalt/lib/libpebble.a(tmp7xovz5ktpebble.o)
                0x000054c8                vibes_long_pulse
 .text.vibes_short_pulse
                0x000054d4        0xc /Users/henrymiller/Library/Application Support/Pebble SDK/SDKs/current/sdk-core/pebble/basalt/lib/libpebble.a(tmp7xovz5ktpebble.o)
                0x000054d4                vibes_short_pulse
 .text.window_create
                0x000054e0        0xc /Users/henrymiller/Library/Application Support/Pebble SDK/SDKs/current/sdk-core/pebble/basalt/lib/libpebble.a(tmp7xovz5ktpebble.o)
                0x000054e0                window_create
 .text.window_destroy
                0x000054ec        0xc /Users/henrymiller/Library/Application Support/Pebble SDK/SDKs/current/sdk-core/pebble/basalt/lib/libpebble.a(tmp7xovz5ktpebble.o)
                0x000054ec                window_destroy
 .text.window_get_root_layer
                0x000054f8        0xc /Users/henrymiller/Library/Application Support/Pebble SDK/SDKs/current/sdk-core/pebble/basalt/lib/libpebble.a(tmp7xovz5ktpebble.o)
                0x000054f8                window_get_root_layer
 .text.window_set_window_handlers
                0x00005504        0xc /Users/henrymiller/Library/Application Support/Pebble SDK/SDKs/current/sdk-core/pebble/basalt/lib/libpebble.a(tmp7xovz5ktpebble.o)
                0x00005504                window_set_window_handlers
 .text.window_stack_push
                0x00005510        0xc /Users/henrymiller/Library/Application Support/Pebble SDK/SDKs/current/sdk-core/pebble/basalt/lib/libpebble.a(tmp7xovz5ktpebble.o)
                0x00005510                window_stack_push
 .text.app_message_inbox_size_maximum
                0x0000551c        0xc /Users/henrymiller/Library/Application Support/Pebble SDK/SDKs/current/sdk-core/pebble/basalt/lib/libpebble.a(tmp7xovz5ktpebble.o)
                0x0000551c                app_message_inbox_size_maximum
 .text.app_message_outbox_begin
                0x00005528        0xc /Users/henrymiller/Library/Application Support/Pebble SDK/SDKs/current/sdk-core/pebble/basalt/lib/libpebble.a(tmp7xovz5ktpebble.o)
                0x00005528                app_message_outbox_begin
 .text.app_message_outbox_send
                0x00005534        0xc /Users/henrymiller/Library/Application Support/Pebble SDK/SDKs/current/sdk-core/pebble/basalt/lib/libpebble.a(tmp7xovz5ktpebble.o)
                0x00005534                app_message_outbox_send
 .text.app_message_outbox_size_maximum
                0x00005540        0xc /Users/henrymiller/Library/Application Support/Pebble SDK/SDKs/current/sdk-core/pebble/basalt/lib/libpebble.a(tmp7xovz5ktpebble.o)
                0x00005540                app_message_outbox_size_maximum
 .text.app_message_register_inbox_dropped
                0x0000554c        0xc /Users/henrymiller/Library/Application Support/Pebble SDK/SDKs/current/sdk-core/pebble/basalt/lib/libpebble.a(tmp7xovz5ktpebble.o)
                0x0000554c                app_message_register_inbox_dropped
 .text.app_message_register_inbox_received
                0x00005558        0xc /Users/henrymiller/Library/Application Support/Pebble SDK/SDKs/current/sdk-core/pebble/basalt/lib/libpebble.a(tmp7xovz5ktpebble.o)
                0x00005558                app_message_register_inbox_received
 .text.app_message_register_outbox_failed
                0x00005564        0xc /Users/henrymiller/Library/Application Support/Pebble SDK/SDKs/current/sdk-core/pebble/basalt/lib/libpebble.a(tmp7xovz5ktpebble.o)
                0x00005564                app_message_register_outbox_failed
 .text.app_message_register_outbox_sent
                0x00005570        0xc /Users/henrymiller/Library/Application Support/Pebble SDK/SDKs/current/sdk-core/pebble/basalt/lib/libpebble.a(tmp7xovz5ktpebble.o)
                0x00005570                app_message_register_outbox_sent
 .text.persist_read_string
                0x0000557c        0xc /Users/henrymiller/Library/Application Support/Pebble SDK/SDKs/current/sdk-core/pebble/basalt/lib/libpebble.a(tmp7xovz5ktpebble.o)
                0x0000557c                persist_read_string
 .text.graphics_release_frame_buffer
                0x00005588        0xc /Users/henrymiller/Library/Application Support/Pebble SDK/SDKs/current/sdk-core/pebble/basalt/lib/libpebble.a(tmp7xovz5ktpebble.o)
                0x00005588                graphics_release_frame_buffer
 .text.setlocale
                0x00005594        0xc /Users/henrymiller/Library/Application Support/Pebble SDK/SDKs/current/sdk-core/pebble/basalt/lib/libpebble.a(tmp7xovz5ktpebble.o)
                0x00005594                setlocale
 .text.mktime   0x000055a0        0xc /Users/henrymiller/Library/Application Support/Pebble SDK/SDKs/current/sdk-core/pebble/basalt/lib/libpebble.a(tmp7xovz5ktpebble.o)
                0x000055a0                mktime
 .text.graphics_context_set_fill_color
                0x000055ac        0xc /Users/henrymiller/Library/Application Support/Pebble SDK/SDKs/current/sdk-core/pebble/basalt/lib/libpebble.a(tmp7xovz5ktpebble.o)
                0x000055ac                graphics_context_set_fill_color
 .text.graphics_context_set_stroke_color
                0x000055b8        0xc /Users/henrymiller/Library/Application Support/Pebble SDK/SDKs/current/sdk-core/pebble/basalt/lib/libpebble.a(tmp7xovz5ktpebble.o)
                0x000055b8                graphics_context_set_stroke_color
 .text.localtime
                0x000055c4        0xc /Users/henrymiller/Library/Application Support/Pebble SDK/SDKs/current/sdk-core/pebble/basalt/lib/libpebble.a(tmp7xovz5ktpebble.o)
                0x000055c4                localtime
 .text.graphics_capture_frame_buffer
                0x000055d0        0xc /Users/henrymiller/Library/Application Support/Pebble SDK/SDKs/current/sdk-core/pebble/basalt/lib/libpebble.a(tmp7xovz5ktpebble.o)
                0x000055d0                graphics_capture_frame_buffer
 .text.gbitmap_get_bytes_per_row
                0x000055dc        0xc /Users/henrymiller/Library/Application Support/Pebble SDK/SDKs/current/sdk-core/pebble/basalt/lib/libpebble.a(tmp7xovz5ktpebble.o)
                0x000055dc                gbitmap_get_bytes_per_row
 .text.gbitmap_get_data
                0x000055e8        0xc /Users/henrymiller/Library/Application Support/Pebble SDK/SDKs/current/sdk-core/pebble/basalt/lib/libpebble.a(tmp7xovz5ktpebble.o)
                0x000055e8                gbitmap_get_data
 .text.text_layer_create
                0x000055f4        0xc /Users/henrymiller/Library/Application Support/Pebble SDK/SDKs/current/sdk-core/pebble/basalt/lib/libpebble.a(tmp7xovz5ktpebble.o)
                0x000055f4                text_layer_create
 .text.text_layer_destroy
                0x00005600        0xc /Users/henrymiller/Library/Application Support/Pebble SDK/SDKs/current/sdk-core/pebble/basalt/lib/libpebble.a(tmp7xovz5ktpebble.o)
                0x00005600                text_layer_destroy
 .text.text_layer_get_layer
                0x0000560c        0xc /Users/henrymiller/Library/Application Support/Pebble SDK/SDKs/current/sdk-core/pebble/basalt/lib/libpebble.a(tmp7xovz5ktpebble.o)
                0x0000560c                text_layer_get_layer
 .text.text_layer_set_background_color
                0x00005618        0xc /Users/henrymiller/Library/Application Support/Pebble SDK/SDKs/current/sdk-core/pebble/basalt/lib/libpebble.a(tmp7xovz5ktpebble.o)
                0x00005618                text_layer_set_background_color
 .text.text_layer_set_font
                0x00005624        0xc /Users/henrymiller/Library/Application Support/Pebble SDK/SDKs/current/sdk-core/pebble/basalt/lib/libpebble.a(tmp7xovz5ktpebble.o)
                0x00005624                text_layer_set_font
 .text.text_layer_set_overflow_mode
                0x00005630        0xc /Users/henrymiller/Library/Application Support/Pebble SDK/SDKs/current/sdk-core/pebble/basalt/lib/libpebble.a(tmp7xovz5ktpebble.o)
                0x00005630                text_layer_set_overflow_mode
 .text.text_layer_set_text
                0x0000563c        0xc /Users/henrymiller/Library/Application Support/Pebble SDK/SDKs/current/sdk-core/pebble/basalt/lib/libpebble.a(tmp7xovz5ktpebble.o)
                0x0000563c                text_layer_set_text
 .text.text_layer_set_text_alignment
                0x00005648        0xc /Users/henrymiller/Library/Application Support/Pebble SDK/SDKs/current/sdk-core/pebble/basalt/lib/libpebble.a(tmp7xovz5ktpebble.o)
                0x00005648                text_layer_set_text_alignment
 .text.text_layer_set_text_color
                0x00005654        0xc /Users/henrymiller/Library/Application Support/Pebble SDK/SDKs/current/sdk-core/pebble/basalt/lib/libpebble.a(tmp7xovz5ktpebble.o)
                0x00005654                text_layer_set_text_color
 .text.time     0x00005660        0xc /Users/henrymiller/Library/Application Support/Pebble SDK/SDKs/current/sdk-core/pebble/basalt/lib/libpebble.a(tmp7xovz5ktpebble.o)
                0x00005660                time
 .text.connection_service_peek_pebble_app_connection
                0x0000566c        0xc /Users/henrymiller/Library/Application Support/Pebble SDK/SDKs/current/sdk-core/pebble/basalt/lib/libpebble.a(tmp7xovz5ktpebble.o)
                0x0000566c                connection_service_peek_pebble_app_connection
 .text.connection_service_subscribe
                0x00005678        0xc /Users/henrymiller/Library/Application Support/Pebble SDK/SDKs/current/sdk-core/pebble/basalt/lib/libpebble.a(tmp7xovz5ktpebble.o)
                0x00005678                connection_service_subscribe
 .text.connection_service_unsubscribe
                0x00005684        0xc /Users/henrymiller/Library/Application Support/Pebble SDK/SDKs/current/sdk-core/pebble/basalt/lib/libpebble.a(tmp7xovz5ktpebble.o)
                0x00005684                connection_service_unsubscribe
 .text.health_service_events_subscribe
                0x00005690        0xc /Users/henrymiller/Library/Application Support/Pebble SDK/SDKs/current/sdk-core/pebble/basalt/lib/libpebble.a(tmp7xovz5ktpebble.o)
                0x00005690                health_service_events_subscribe
 .text.health_service_events_unsubscribe
                0x0000569c        0xc /Users/henrymiller/Library/Application Support/Pebble SDK/SDKs/current/sdk-core/pebble/basalt/lib/libpebble.a(tmp7xovz5ktpebble.o)
                0x0000569c                health_service_events_unsubscribe
 .text.health_service_metric_accessible
                0x000056a8        0xc /Users/henrymiller/Library/Application Support/Pebble SDK/SDKs/current/sdk-core/pebble/basalt/lib/libpebble.a(tmp7xovz5ktpebble.o)
                0x000056a8                health_service_metric_accessible
 .text.health_service_sum_today
                0x000056b4        0xc /Users/henrymiller/Library/Application Support/Pebble SDK/SDKs/current/sdk-core/pebble/basalt/lib/libpebble.a(tmp7xovz5ktpebble.o)
                0x000056b4                health_service_sum_today
 .text.time_start_of_today
                0x000056c0        0xc /Users/henrymiller/Library/Application Support/Pebble SDK/SDKs/current/sdk-core/pebble/basalt/lib/libpebble.a(tmp7xovz5ktpebble.o)
                0x000056c0                time_start_of_today
 .text.health_service_metric_averaged_accessible
                0x000056cc        0xc /Users/henrymiller/Library/Application Support/Pebble SDK/SDKs/current/sdk-core/pebble/basalt/lib/libpebble.a(tmp7xovz5ktpebble.o)
                0x000056cc                health_service_metric_averaged_accessible
 .text.health_service_sum_averaged
                0x000056d8        0xc /Users/henrymiller/Library/Application Support/Pebble SDK/SDKs/current/sdk-core/pebble/basalt/lib/libpebble.a(tmp7xovz5ktpebble.o)
                0x000056d8                health_service_sum_averaged
 *(.rodata)
 *(.rodata*)
 .rodata.effect_layer_update_proc.str1.1
                0x000056e4      0x30f src/c/effect_layer.c.25.o
                                 0x32 (size before relaxing)
 .rodata.update_date_and_week.str1.1
                0x000059f3       0x38 src/c/main.c.25.o
 .rodata.process_events.str1.1
                0x000059f3       0x35 src/c/main.c.25.o
 .rodata.CSWTCH.69
                0x000059f3        0x4 src/c/main.c.25.o
 *fill*         0x000059f7        0x1 
 .rodata.ICON_COLORS.0
                0x000059f8      0x250 src/c/modules/colors.c.25.o
 .rodata.weather_handle_app_message.str1.1
                0x00005c48        0x3 src/c/modules/weather.c.25.o
 .rodata.weather_init.str1.1
                0x00005c48        0x4 src/c/modules/weather.c.25.o
 .rodata.weather_format_wind.str1.1
                0x00005c48       0x16 src/c/modules/weather_format.c.25.o
 .rodata.weather_format_pressure.str1.1
                0x00005c48       0x1c src/c/modules/weather_format.c.25.o
 .rodata.weather_format_hi_lo.str1.1
                0x00005c48       0x10 src/c/modules/weather_format.c.25.o
 .rodata.settings_load.str1.1
                0x00005c48       0x41 src/c/state/settings.c.25.o
 .rodata.settings_handle_app_message.str1.1
                0x00005c48       0xdf src/c/state/settings.c.25.o
 .rodata.format_temperature.str1.1
                0x00005c48        0x5 src/c/ui/formatting.c.25.o
 .rodata.format_time_elapsed.str1.1
                0x00005c48       0x24 src/c/ui/formatting.c.25.o
 .rodata.format_sun_time.str1.1
                0x00005c48        0xc src/c/ui/formatting.c.25.o
 .rodata.date_layer_create.str1.1
                0x00005c48       0x31 src/c/ui/layers/date_layer.c.25.o
 .rodata.status_layer_create.str1.1
                0x00005c48       0x38 src/c/ui/layers/status_layer.c.25.o
 .rodata.status_layer_update.str1.1
                0x00005c48       0x79 src/c/ui/layers/status_layer.c.25.o
 .rodata.format_weather_info_line.constprop.0.str1.1
                0x00005c48        0x9 src/c/ui/layers/weather_layer.c.25.o
 .rodata.weather_layer_create.str1.1
                0x00005c48       0x4c src/c/ui/layers/weather_layer.c.25.o
 .rodata.weather_layer_update_data.str1.1
                0x00005c48       0x12 src/c/ui/layers/weather_layer.c.25.o
 .rodata.s_canonical_lines
                0x00005c48       0x10 src/c/ui/layout.c.25.o
 .rodata.s_canonical_digits
                0x00005c58       0x30 src/c/ui/layout.c.25.o
 .rodata.s_canonical_rects
                0x00005c88       0xb8 src/c/ui/layout.c.25.o
 .rodata.s_digit_segments
                0x00005d40       0x46 src/c/ui/painters/digits.c.25.o

.glue_7         0x00005d88        0x0
 .glue_7        0x00005d88        0x0 linker stubs

.glue_7t        0x00005d88        0x0
 .glue_7t       0x00005d88        0x0 linker stubs

.vfp11_veneer   0x00005d88        0x0
 .vfp11_veneer  0x00005d88        0x0 linker stubs

.v4_bx          0x00005d88        0x0
 .v4_bx         0x00005d88        0x0 linker stubs

.init           0x00005d88        0x4
 .init          0x00005d88        0x4 /Users/henrymiller/Library/Application Support/Pebble SDK/SDKs/4.9.127/toolchain/arm-none-eabi/bin/../lib/gcc/arm-none-eabi/14.2.1/thumb/v7-m/nofp/crti.o
                0x00005d88                _init

.fini           0x00005d8c        0x4
 .fini          0x00005d8c        0x4 /Users/henrymiller/Library/Application Support/Pebble SDK/SDKs/4.9.127/toolchain/arm-none-eabi/bin/../lib/gcc/arm-none-eabi/14.2.1/thumb/v7-m/nofp/crti.o
                0x00005d8c                _fini

.iplt           0x00005d90        0x0
 .iplt          0x00005d90        0x0 src/c/effect_layer.c.25.o

.rel.dyn        0x00005d90        0x0
 .rel.iplt      0x00005d90        0x0 src/c/effect_layer.c.25.o
 .rel.got       0x00005d90        0x0 src/c/effect_layer.c.25.o

.data           0x00005d90        0xd
 *(.data)
 .data          0x00005d90        0x0 /Users/henrymiller/Library/Application Support/Pebble SDK/SDKs/4.9.127/toolchain/arm-none-eabi/bin/../lib/gcc/arm-none-eabi/14.2.1/thumb/v7-m/nofp/crti.o
 .data          0x00005d90        0x0 /Users/henrymiller/Library/Application Support/Pebble SDK/SDKs/4.9.127/toolchain/arm-none-eabi/bin/../lib/gcc/arm-none-eabi/14.2.1/thumb/v7-m/nofp/crtbegin.o
 .data          0x00005d90        0x0 /Users/henrymiller/Library/Application Support/Pebble SDK/SDKs/4.9.127/toolchain/arm-none-eabi/bin/../lib/gcc/arm-none-eabi/14.2.1/../../../../arm-none-eabi/lib/thumb/v7-m/nofp/crt0.o
 .data          0x00005d90        0x0 src/c/effect_layer.c.25.o
 .data          0x00005d90        0x0 src/c/effects.c.25.o
 .data          0x00005d90        0x0 src/c/main.c.25.o
 .data          0x00005d90        0x0 src/c/modules/battery.c.25.o
 .data          0x00005d90        0x0 src/c/modules/colors.c.25.o
 .data          0x00005d90        0x0 src/c/modules/comm.c.25.o
 .data          0x00005d90        0x0 src/c/modules/connection.c.25.o
 .data          0x00005d90        0x0 src/c/modules/health.c.25.o
 .data          0x00005d90        0x0 src/c/modules/weather.c.25.o
 .data          0x00005d90        0x0 src/c/modules/weather_format.c.25.o
 .data          0x00005d90        0x0 src/c/mooncalc.c.25.o
 .data          0x00005d90        0x0 src/c/state/events.c.25.o
 .data          0x00005d90        0x0 src/c/state/settings.c.25.o
 .data          0x00005d90        0x0 src/c/state/state.c.25.o
 .data          0x00005d90        0x0 src/c/ui/battery_style.c.25.o
 .data          0x00005d90        0x0 src/c/ui/formatting.c.25.o
 .data          0x00005d90        0x0 src/c/ui/layers/background.c.25.o
 .data          0x00005d90        0x0 src/c/ui/layers/date_layer.c.25.o
 .data          0x00005d90        0x0 src/c/ui/layers/status_layer.c.25.o
 .data          0x00005d90        0x0 src/c/ui/layers/time_layer.c.25.o
 .data          0x00005d90        0x0 src/c/ui/layers/weather_layer.c.25.o
 .data          0x00005d90        0x0 src/c/ui/layout.c.25.o
 .data          0x00005d90        0x0 src/c/ui/painters/digits.c.25.o
 .data          0x00005d90        0x0 basalt/appinfo.auto.c.25.o
 .data          0x00005d90        0x0 basalt/src/resource_ids.auto.c.25.o
 .data          0x00005d90        0x0 src/message_keys.auto.c.25.o
 .data          0x00005d90        0x0 /Users/henrymiller/Library/Application Support/Pebble SDK/SDKs/current/sdk-core/pebble/basalt/lib/libpebble.a(tmp7xovz5ktpebble.o)
 .data          0x00005d90        0x0 /Users/henrymiller/Library/Application Support/Pebble SDK/SDKs/4.9.127/toolchain/arm-none-eabi/bin/../lib/gcc/arm-none-eabi/14.2.1/thumb/v7-m/nofp/libgcc.a(_arm_muldf3.o)
 .data          0x00005d90        0x0 /Users/henrymiller/Library/Application Support/Pebble SDK/SDKs/4.9.127/toolchain/arm-none-eabi/bin/../lib/gcc/arm-none-eabi/14.2.1/thumb/v7-m/nofp/libgcc.a(_arm_addsubdf3.o)
 .data          0x00005d90        0x0 /Users/henrymiller/Library/Application Support/Pebble SDK/SDKs/4.9.127/toolchain/arm-none-eabi/bin/../lib/gcc/arm-none-eabi/14.2.1/thumb/v7-m/nofp/libgcc.a(_arm_muldivdf3.o)
 .data          0x00005d90        0x0 /Users/henrymiller/Library/Application Support/Pebble SDK/SDKs/4.9.127/toolchain/arm-none-eabi/bin/../lib/gcc/arm-none-eabi/14.2.1/thumb/v7-m/nofp/libgcc.a(_arm_cmpdf2.o)
 .data          0x00005d90        0x0 /Users/henrymiller/Library/Application Support/Pebble SDK/SDKs/4.9.127/toolchain/arm-none-eabi/bin/../lib/gcc/arm-none-eabi/14.2.1/thumb/v7-m/nofp/libgcc.a(_arm_fixdfsi.o)
 .data          0x00005d90        0x0 /Users/henrymiller/Library/Application Support/Pebble SDK/SDKs/4.9.127/toolchain/arm-none-eabi/bin/../lib/gcc/arm-none-eabi/14.2.1/../../../../arm-none-eabi/lib/thumb/v7-m/nofp/libc.a(libc_a-atexit.o)
 .data          0x00005d90        0x0 /Users/henrymiller/Library/Application Support/Pebble SDK/SDKs/4.9.127/toolchain/arm-none-eabi/bin/../lib/gcc/arm-none-eabi/14.2.1/../../../../arm-none-eabi/lib/thumb/v7-m/nofp/libc.a(libc_a-exit.o)
 .data          0x00005d90        0x0 /Users/henrymiller/Library/Application Support/Pebble SDK/SDKs/4.9.127/toolchain/arm-none-eabi/bin/../lib/gcc/arm-none-eabi/14.2.1/../../../../arm-none-eabi/lib/thumb/v7-m/nofp/libc.a(libc_a-findfp.o)
 .data          0x00005d90        0x0 /Users/henrymiller/Library/Application Support/Pebble SDK/SDKs/4.9.127/toolchain/arm-none-eabi/bin/../lib/gcc/arm-none-eabi/14.2.1/../../../../arm-none-eabi/lib/thumb/v7-m/nofp/libc.a(libc_a-impure.o)
 .data          0x00005d90        0x0 /Users/henrymiller/Library/Application Support/Pebble SDK/SDKs/4.9.127/toolchain/arm-none-eabi/bin/../lib/gcc/arm-none-eabi/14.2.1/../../../../arm-none-eabi/lib/thumb/v7-m/nofp/libc.a(libc_a-init.o)
 .data          0x00005d90        0x0 /Users/henrymiller/Library/Application Support/Pebble SDK/SDKs/4.9.127/toolchain/arm-none-eabi/bin/../lib/gcc/arm-none-eabi/14.2.1/../../../../arm-none-eabi/lib/thumb/v7-m/nofp/libc.a(libc_a-fini.o)
 .data          0x00005d90        0x0 /Users/henrymiller/Library/Application Support/Pebble SDK/SDKs/4.9.127/toolchain/arm-none-eabi/bin/../lib/gcc/arm-none-eabi/14.2.1/../../../../arm-none-eabi/lib/thumb/v7-m/nofp/libc.a(libc_a-lock.o)
 .data          0x00005d90        0x0 /Users/henrymiller/Library/Application Support/Pebble SDK/SDKs/4.9.127/toolchain/arm-none-eabi/bin/../lib/gcc/arm-none-eabi/14.2.1/../../../../arm-none-eabi/lib/thumb/v7-m/nofp/libc.a(libc_a-__atexit.o)
 .data          0x00005d90        0x0 /Users/henrymiller/Library/Application Support/Pebble SDK/SDKs/4.9.127/toolchain/arm-none-eabi/bin/../lib/gcc/arm-none-eabi/14.2.1/../../../../arm-none-eabi/lib/thumb/v7-m/nofp/libc.a(libc_a-__call_atexit.o)
 .data          0x00005d90        0x0 /Users/henrymiller/Library/Application Support/Pebble SDK/SDKs/4.9.127/toolchain/arm-none-eabi/bin/../lib/gcc/arm-none-eabi/14.2.1/../../../../arm-none-eabi/lib/thumb/v7-m/nofp/libc.a(libc_a-mallocr.o)
 .data          0x00005d90        0x0 /Users/henrymiller/Library/Application Support/Pebble SDK/SDKs/4.9.127/toolchain/arm-none-eabi/bin/../lib/gcc/arm-none-eabi/14.2.1/../../../../arm-none-eabi/lib/thumb/v7-m/nofp/libc.a(libc_a-mlock.o)
 .data          0x00005d90        0x0 /Users/henrymiller/Library/Application Support/Pebble SDK/SDKs/4.9.127/toolchain/arm-none-eabi/bin/../lib/gcc/arm-none-eabi/14.2.1/../../../../arm-none-eabi/lib/thumb/v7-m/nofp/libc.a(libc_a-fwalk.o)
 .data          0x00005d90        0x0 /Users/henrymiller/Library/Application Support/Pebble SDK/SDKs/4.9.127/toolchain/arm-none-eabi/bin/../lib/gcc/arm-none-eabi/14.2.1/../../../../arm-none-eabi/lib/thumb/v7-m/nofp/libc.a(libc_a-fclose.o)
 .data          0x00005d90        0x0 /Users/henrymiller/Library/Application Support/Pebble SDK/SDKs/4.9.127/toolchain/arm-none-eabi/bin/../lib/gcc/arm-none-eabi/14.2.1/../../../../arm-none-eabi/lib/thumb/v7-m/nofp/libc.a(libc_a-fflush.o)
 .data          0x00005d90        0x0 /Users/henrymiller/Library/Application Support/Pebble SDK/SDKs/4.9.127/toolchain/arm-none-eabi/bin/../lib/gcc/arm-none-eabi/14.2.1/../../../../arm-none-eabi/lib/thumb/v7-m/nofp/libc.a(libc_a-stdio.o)
 .data          0x00005d90        0x0 /Users/henrymiller/Library/Application Support/Pebble SDK/SDKs/4.9.127/toolchain/arm-none-eabi/bin/../lib/gcc/arm-none-eabi/14.2.1/../../../../arm-none-eabi/lib/thumb/v7-m/nofp/libc.a(libc_a-closer.o)
 .data          0x00005d90        0x0 /Users/henrymiller/Library/Application Support/Pebble SDK/SDKs/4.9.127/toolchain/arm-none-eabi/bin/../lib/gcc/arm-none-eabi/14.2.1/../../../../arm-none-eabi/lib/thumb/v7-m/nofp/libc.a(libc_a-reent.o)
 .data          0x00005d90        0x0 /Users/henrymiller/Library/Application Support/Pebble SDK/SDKs/4.9.127/toolchain/arm-none-eabi/bin/../lib/gcc/arm-none-eabi/14.2.1/../../../../arm-none-eabi/lib/thumb/v7-m/nofp/libc.a(libc_a-lseekr.o)
 .data          0x00005d90        0x0 /Users/henrymiller/Library/Application Support/Pebble SDK/SDKs/4.9.127/toolchain/arm-none-eabi/bin/../lib/gcc/arm-none-eabi/14.2.1/../../../../arm-none-eabi/lib/thumb/v7-m/nofp/libc.a(libc_a-readr.o)
 .data          0x00005d90        0x0 /Users/henrymiller/Library/Application Support/Pebble SDK/SDKs/4.9.127/toolchain/arm-none-eabi/bin/../lib/gcc/arm-none-eabi/14.2.1/../../../../arm-none-eabi/lib/thumb/v7-m/nofp/libc.a(libc_a-sbrkr.o)
 .data          0x00005d90        0x0 /Users/henrymiller/Library/Application Support/Pebble SDK/SDKs/4.9.127/toolchain/arm-none-eabi/bin/../lib/gcc/arm-none-eabi/14.2.1/../../../../arm-none-eabi/lib/thumb/v7-m/nofp/libc.a(libc_a-writer.o)
 .data          0x00005d90        0x0 /Users/henrymiller/Library/Application Support/Pebble SDK/SDKs/4.9.127/toolchain/arm-none-eabi/bin/../lib/gcc/arm-none-eabi/14.2.1/../../../../arm-none-eabi/lib/thumb/v7-m/nofp/libc.a(libc_a-sysconf.o)
 .data          0x00005d90        0x0 /Users/henrymiller/Library/Application Support/Pebble SDK/SDKs/4.9.127/toolchain/arm-none-eabi/bin/../lib/gcc/arm-none-eabi/14.2.1/../../../../arm-none-eabi/lib/thumb/v7-m/nofp/libc.a(libc_a-freer.o)
 .data          0x00005d90        0x0 /Users/henrymiller/Library/Application Support/Pebble SDK/SDKs/4.9.127/toolchain/arm-none-eabi/bin/../lib/gcc/arm-none-eabi/14.2.1/../../../../arm-none-eabi/lib/thumb/v7-m/nofp/libc.a(libc_a-errno.o)
 .data          0x00005d90        0x0 /Users/henrymiller/Library/Application Support/Pebble SDK/SDKs/4.9.127/toolchain/arm-none-eabi/bin/../lib/gcc/arm-none-eabi/14.2.1/thumb/v7-m/nofp/crtend.o
 .data          0x00005d90        0x0 /Users/henrymiller/Library/Application Support/Pebble SDK/SDKs/4.9.127/toolchain/arm-none-eabi/bin/../lib/gcc/arm-none-eabi/14.2.1/thumb/v7-m/nofp/crtn.o
 *(.data.*)
 .data.parent_layer_offset.0
                0x00005d90        0x1 src/c/effect_layer.c.25.o
 *fill*         0x00005d91        0x3 
 .data.s_last_run_minute.6
                0x00005d94        0x4 src/c/main.c.25.o
 .data.s_last_display_seconds
                0x00005d98        0x4 src/c/main.c.25.o
 .data.s_bootstrap_from_persist
                0x00005d9c        0x1 src/c/modules/battery.c.25.o

.igot.plt       0x00005da0        0x0
 .igot.plt      0x00005da0        0x0 src/c/effect_layer.c.25.o

.got            0x00005da0        0xc
 .got           0x00005da0        0xc src/c/effect_layer.c.25.o

.got.plt        0x00005dac        0xc
 .got.plt       0x00005dac        0xc src/c/effect_layer.c.25.o
                0x00005dac                _GLOBAL_OFFSET_TABLE_

.bss            0x00005db8      0x3e6
 *(.bss)
 *(.bss.*)
 .bss.s_locale.0
                0x00005db8        0x4 src/c/main.c.25.o
 .bss.date_buffer.1
                0x00005dbc       0x40 src/c/main.c.25.o
 .bss.date_with_week.2
                0x00005dfc       0x40 src/c/main.c.25.o
 .bss.date_buffer.3
                0x00005e3c       0x40 src/c/main.c.25.o
 .bss.date_format_no_year.4
                0x00005e7c       0x18 src/c/main.c.25.o
 .bss.week_buffer.5
                0x00005e94        0x8 src/c/main.c.25.o
 .bss.s_light_on
                0x00005e9c        0x1 src/c/main.c.25.o
 *fill*         0x00005e9d        0x3 
 .bss.s_seconds_timeout_counter
                0x00005ea0        0x4 src/c/main.c.25.o
 .bss.s_seconds_visible
                0x00005ea4        0x1 src/c/main.c.25.o
 *fill*         0x00005ea5        0x3 
 .bss.s_status_layer
                0x00005ea8        0x4 src/c/main.c.25.o
 .bss.s_weather_layer
                0x00005eac        0x4 src/c/main.c.25.o
 .bss.s_date_layer
                0x00005eb0        0x4 src/c/main.c.25.o
 .bss.s_time_layer
                0x00005eb4        0x4 src/c/main.c.25.o
 .bss.s_bg_layer
                0x00005eb8        0x4 src/c/main.c.25.o
 .bss.s_main_window
                0x00005ebc        0x4 src/c/main.c.25.o
 .bss.s_last_battery_percent
                0x00005ec0        0x4 src/c/modules/battery.c.25.o
 .bss.s_battery_percent_on_exit
                0x00005ec4        0x4 src/c/modules/battery.c.25.o
 .bss.SCHEMES   0x00005ec8      0x170 src/c/modules/colors.c.25.o
 .bss.s_callback
                0x00006038        0x4 src/c/modules/comm.c.25.o
 .bss.s_flags   0x0000603c        0x2 src/c/state/events.c.25.o
 *fill*         0x0000603e        0x2 
 .bss.s_settings
                0x00006040       0x80 src/c/state/settings.c.25.o
 .bss.s_app_state
                0x000060c0       0xbc src/c/state/state.c.25.o
 .bss.s_moon_font
                0x0000617c        0x4 src/c/ui/layers/weather_layer.c.25.o
 .bss.s_weather_font
                0x00006180        0x4 src/c/ui/layers/weather_layer.c.25.o
 .bss.s_layout  0x00006184       0x18 src/c/ui/layout.c.25.o
 COMMON         0x0000619c        0x2 src/c/effects.c.25.o
                0x0000619c                GlobalInverterColor
                0x0000619d                GlobalBkgColor

DISCARD
 libc.a(*)
 libm.a(*)
 libgcc.a(*)
 *(.eh_frame)
OUTPUT(/Users/henrymiller/Documents/MMS All/pebble-mss-master/build/basalt/pebble-app.elf elf32-littlearm)
LOAD linker stubs
LOAD /Users/henrymiller/Library/Application Support/Pebble SDK/SDKs/4.9.127/toolchain/arm-none-eabi/bin/../lib/gcc/arm-none-eabi/14.2.1/../../../../arm-none-eabi/lib/thumb/v7-m/nofp/libc.a
LOAD /Users/henrymiller/Library/Application Support/Pebble SDK/SDKs/4.9.127/toolchain/arm-none-eabi/bin/../lib/gcc/arm-none-eabi/14.2.1/../../../../arm-none-eabi/lib/thumb/v7-m/nofp/libm.a
LOAD /Users/henrymiller/Library/Application Support/Pebble SDK/SDKs/4.9.127/toolchain/arm-none-eabi/bin/../lib/gcc/arm-none-eabi/14.2.1/thumb/v7-m/nofp/libgcc.a

.ARM.attributes
                0x00000000       0x29
 .ARM.attributes
                0x00000000       0x1d /Users/henrymiller/Library/Application Support/Pebble SDK/SDKs/4.9.127/toolchain/arm-none-eabi/bin/../lib/gcc/arm-none-eabi/14.2.1/thumb/v7-m/nofp/crti.o
 .ARM.attributes
                0x0000001d       0x2d /Users/henrymiller/Library/Application Support/Pebble SDK/SDKs/4.9.127/toolchain/arm-none-eabi/bin/../lib/gcc/arm-none-eabi/14.2.1/thumb/v7-m/nofp/crtbegin.o
 .ARM.attributes
                0x0000004a       0x1b /Users/henrymiller/Library/Application Support/Pebble SDK/SDKs/4.9.127/toolchain/arm-none-eabi/bin/../lib/gcc/arm-none-eabi/14.2.1/../../../../arm-none-eabi/lib/thumb/v7-m/nofp/crt0.o
 .ARM.attributes
                0x00000065       0x2d src/c/effect_layer.c.25.o
 .ARM.attributes
                0x00000092       0x2d src/c/effects.c.25.o
 .ARM.attributes
                0x000000bf       0x2d src/c/main.c.25.o
 .ARM.attributes
                0x000000ec       0x2d src/c/modules/battery.c.25.o
 .ARM.attributes
                0x00000119       0x2d src/c/modules/colors.c.25.o
 .ARM.attributes
                0x00000146       0x2d src/c/modules/comm.c.25.o
 .ARM.attributes
                0x00000173       0x2d src/c/modules/connection.c.25.o
 .ARM.attributes
                0x000001a0       0x2d src/c/modules/health.c.25.o
 .ARM.attributes
                0x000001cd       0x2d src/c/modules/weather.c.25.o
 .ARM.attributes
                0x000001fa       0x2d src/c/modules/weather_format.c.25.o
 .ARM.attributes
                0x00000227       0x2d src/c/mooncalc.c.25.o
 .ARM.attributes
                0x00000254       0x2d src/c/state/events.c.25.o
 .ARM.attributes
                0x00000281       0x2d src/c/state/settings.c.25.o
 .ARM.attributes
                0x000002ae       0x2d src/c/state/state.c.25.o
 .ARM.attributes
                0x000002db       0x2d src/c/ui/battery_style.c.25.o
 .ARM.attributes
                0x00000308       0x2d src/c/ui/formatting.c.25.o
 .ARM.attributes
                0x00000335       0x2d src/c/ui/layers/background.c.25.o
 .ARM.attributes
                0x00000362       0x2d src/c/ui/layers/date_layer.c.25.o
 .ARM.attributes
                0x0000038f       0x2d src/c/ui/layers/status_layer.c.25.o
 .ARM.attributes
                0x000003bc       0x2d src/c/ui/layers/time_layer.c.25.o
 .ARM.attributes
                0x000003e9       0x2d src/c/ui/layers/weather_layer.c.25.o
 .ARM.attributes
                0x00000416       0x2d src/c/ui/layout.c.25.o
 .ARM.attributes
                0x00000443       0x2d src/c/ui/painters/digits.c.25.o
 .ARM.attributes
                0x00000470       0x2d basalt/appinfo.auto.c.25.o
 .ARM.attributes
                0x0000049d       0x2d basalt/src/resource_ids.auto.c.25.o
 .ARM.attributes
                0x000004ca       0x2d src/message_keys.auto.c.25.o
 .ARM.attributes
                0x000004f7       0x1b /Users/henrymiller/Library/Application Support/Pebble SDK/SDKs/current/sdk-core/pebble/basalt/lib/libpebble.a(tmp7xovz5ktpebble.o)
 .ARM.attributes
                0x00000512       0x1d /Users/henrymiller/Library/Application Support/Pebble SDK/SDKs/4.9.127/toolchain/arm-none-eabi/bin/../lib/gcc/arm-none-eabi/14.2.1/thumb/v7-m/nofp/libgcc.a(_arm_muldf3.o)
 .ARM.attributes
                0x0000052f       0x1d /Users/henrymiller/Library/Application Support/Pebble SDK/SDKs/4.9.127/toolchain/arm-none-eabi/bin/../lib/gcc/arm-none-eabi/14.2.1/thumb/v7-m/nofp/libgcc.a(_arm_addsubdf3.o)
 .ARM.attributes
                0x0000054c       0x1d /Users/henrymiller/Library/Application Support/Pebble SDK/SDKs/4.9.127/toolchain/arm-none-eabi/bin/../lib/gcc/arm-none-eabi/14.2.1/thumb/v7-m/nofp/libgcc.a(_arm_muldivdf3.o)
 .ARM.attributes
                0x00000569       0x1d /Users/henrymiller/Library/Application Support/Pebble SDK/SDKs/4.9.127/toolchain/arm-none-eabi/bin/../lib/gcc/arm-none-eabi/14.2.1/thumb/v7-m/nofp/libgcc.a(_arm_cmpdf2.o)
 .ARM.attributes
                0x00000586       0x1d /Users/henrymiller/Library/Application Support/Pebble SDK/SDKs/4.9.127/toolchain/arm-none-eabi/bin/../lib/gcc/arm-none-eabi/14.2.1/thumb/v7-m/nofp/libgcc.a(_arm_fixdfsi.o)
 .ARM.attributes
                0x000005a3       0x2d /Users/henrymiller/Library/Application Support/Pebble SDK/SDKs/4.9.127/toolchain/arm-none-eabi/bin/../lib/gcc/arm-none-eabi/14.2.1/../../../../arm-none-eabi/lib/thumb/v7-m/nofp/libc.a(libc_a-atexit.o)
 .ARM.attributes
                0x000005d0       0x2d /Users/henrymiller/Library/Application Support/Pebble SDK/SDKs/4.9.127/toolchain/arm-none-eabi/bin/../lib/gcc/arm-none-eabi/14.2.1/../../../../arm-none-eabi/lib/thumb/v7-m/nofp/libc.a(libc_a-exit.o)
 .ARM.attributes
                0x000005fd       0x2d /Users/henrymiller/Library/Application Support/Pebble SDK/SDKs/4.9.127/toolchain/arm-none-eabi/bin/../lib/gcc/arm-none-eabi/14.2.1/../../../../arm-none-eabi/lib/thumb/v7-m/nofp/libc.a(libc_a-findfp.o)
 .ARM.attributes
                0x0000062a       0x2d /Users/henrymiller/Library/Application Support/Pebble SDK/SDKs/4.9.127/toolchain/arm-none-eabi/bin/../lib/gcc/arm-none-eabi/14.2.1/../../../../arm-none-eabi/lib/thumb/v7-m/nofp/libc.a(libc_a-impure.o)
 .ARM.attributes
                0x00000657       0x2d /Users/henrymiller/Library/Application Support/Pebble SDK/SDKs/4.9.127/toolchain/arm-none-eabi/bin/../lib/gcc/arm-none-eabi/14.2.1/../../../../arm-none-eabi/lib/thumb/v7-m/nofp/libc.a(libc_a-init.o)
 .ARM.attributes
                0x00000684       0x2d /Users/henrymiller/Library/Application Support/Pebble SDK/SDKs/4.9.127/toolchain/arm-none-eabi/bin/../lib/gcc/arm-none-eabi/14.2.1/../../../../arm-none-eabi/lib/thumb/v7-m/nofp/libc.a(libc_a-fini.o)
 .ARM.attributes
                0x000006b1       0x2d /Users/henrymiller/Library/Application Support/Pebble SDK/SDKs/4.9.127/toolchain/arm-none-eabi/bin/../lib/gcc/arm-none-eabi/14.2.1/../../../../arm-none-eabi/lib/thumb/v7-m/nofp/libc.a(libc_a-lock.o)
 .ARM.attributes
                0x000006de       0x2d /Users/henrymiller/Library/Application Support/Pebble SDK/SDKs/4.9.127/toolchain/arm-none-eabi/bin/../lib/gcc/arm-none-eabi/14.2.1/../../../../arm-none-eabi/lib/thumb/v7-m/nofp/libc.a(libc_a-__atexit.o)
 .ARM.attributes
                0x0000070b       0x2d /Users/henrymiller/Library/Application Support/Pebble SDK/SDKs/4.9.127/toolchain/arm-none-eabi/bin/../lib/gcc/arm-none-eabi/14.2.1/../../../../arm-none-eabi/lib/thumb/v7-m/nofp/libc.a(libc_a-__call_atexit.o)
 .ARM.attributes
                0x00000738       0x2d /Users/henrymiller/Library/Application Support/Pebble SDK/SDKs/4.9.127/toolchain/arm-none-eabi/bin/../lib/gcc/arm-none-eabi/14.2.1/../../../../arm-none-eabi/lib/thumb/v7-m/nofp/libc.a(libc_a-mallocr.o)
 .ARM.attributes
                0x00000765       0x2d /Users/henrymiller/Library/Application Support/Pebble SDK/SDKs/4.9.127/toolchain/arm-none-eabi/bin/../lib/gcc/arm-none-eabi/14.2.1/../../../../arm-none-eabi/lib/thumb/v7-m/nofp/libc.a(libc_a-mlock.o)
 .ARM.attributes
                0x00000792       0x2d /Users/henrymiller/Library/Application Support/Pebble SDK/SDKs/4.9.127/toolchain/arm-none-eabi/bin/../lib/gcc/arm-none-eabi/14.2.1/../../../../arm-none-eabi/lib/thumb/v7-m/nofp/libc.a(libc_a-fwalk.o)
 .ARM.attributes
                0x000007bf       0x2d /Users/henrymiller/Library/Application Support/Pebble SDK/SDKs/4.9.127/toolchain/arm-none-eabi/bin/../lib/gcc/arm-none-eabi/14.2.1/../../../../arm-none-eabi/lib/thumb/v7-m/nofp/libc.a(libc_a-fclose.o)
 .ARM.attributes
                0x000007ec       0x2d /Users/henrymiller/Library/Application Support/Pebble SDK/SDKs/4.9.127/toolchain/arm-none-eabi/bin/../lib/gcc/arm-none-eabi/14.2.1/../../../../arm-none-eabi/lib/thumb/v7-m/nofp/libc.a(libc_a-fflush.o)
 .ARM.attributes
                0x00000819       0x2d /Users/henrymiller/Library/Application Support/Pebble SDK/SDKs/4.9.127/toolchain/arm-none-eabi/bin/../lib/gcc/arm-none-eabi/14.2.1/../../../../arm-none-eabi/lib/thumb/v7-m/nofp/libc.a(libc_a-stdio.o)
 .ARM.attributes
                0x00000846       0x2d /Users/henrymiller/Library/Application Support/Pebble SDK/SDKs/4.9.127/toolchain/arm-none-eabi/bin/../lib/gcc/arm-none-eabi/14.2.1/../../../../arm-none-eabi/lib/thumb/v7-m/nofp/libc.a(libc_a-closer.o)
 .ARM.attributes
                0x00000873       0x2d /Users/henrymiller/Library/Application Support/Pebble SDK/SDKs/4.9.127/toolchain/arm-none-eabi/bin/../lib/gcc/arm-none-eabi/14.2.1/../../../../arm-none-eabi/lib/thumb/v7-m/nofp/libc.a(libc_a-reent.o)
 .ARM.attributes
                0x000008a0       0x2d /Users/henrymiller/Library/Application Support/Pebble SDK/SDKs/4.9.127/toolchain/arm-none-eabi/bin/../lib/gcc/arm-none-eabi/14.2.1/../../../../arm-none-eabi/lib/thumb/v7-m/nofp/libc.a(libc_a-lseekr.o)
 .ARM.attributes
                0x000008cd       0x2d /Users/henrymiller/Library/Application Support/Pebble SDK/SDKs/4.9.127/toolchain/arm-none-eabi/bin/../lib/gcc/arm-none-eabi/14.2.1/../../../../arm-none-eabi/lib/thumb/v7-m/nofp/libc.a(libc_a-readr.o)
 .ARM.attributes
                0x000008fa       0x2d /Users/henrymiller/Library/Application Support/Pebble SDK/SDKs/4.9.127/toolchain/arm-none-eabi/bin/../lib/gcc/arm-none-eabi/14.2.1/../../../../arm-none-eabi/lib/thumb/v7-m/nofp/libc.a(libc_a-sbrkr.o)
 .ARM.attributes
                0x00000927       0x2d /Users/henrymiller/Library/Application Support/Pebble SDK/SDKs/4.9.127/toolchain/arm-none-eabi/bin/../lib/gcc/arm-none-eabi/14.2.1/../../../../arm-none-eabi/lib/thumb/v7-m/nofp/libc.a(libc_a-writer.o)
 .ARM.attributes
                0x00000954       0x2d /Users/henrymiller/Library/Application Support/Pebble SDK/SDKs/4.9.127/toolchain/arm-none-eabi/bin/../lib/gcc/arm-none-eabi/14.2.1/../../../../arm-none-eabi/lib/thumb/v7-m/nofp/libc.a(libc_a-sysconf.o)
 .ARM.attributes
                0x00000981       0x2d /Users/henrymiller/Library/Application Support/Pebble SDK/SDKs/4.9.127/toolchain/arm-none-eabi/bin/../lib/gcc/arm-none-eabi/14.2.1/../../../../arm-none-eabi/lib/thumb/v7-m/nofp/libc.a(libc_a-freer.o)
 .ARM.attributes
                0x000009ae       0x2d /Users/henrymiller/Library/Application Support/Pebble SDK/SDKs/4.9.127/toolchain/arm-none-eabi/bin/../lib/gcc/arm-none-eabi/14.2.1/../../../../arm-none-eabi/lib/thumb/v7-m/nofp/libc.a(libc_a-errno.o)
 .ARM.attributes
                0x000009db       0x2d /Users/henrymiller/Library/Application Support/Pebble SDK/SDKs/4.9.127/toolchain/arm-none-eabi/bin/../lib/gcc/arm-none-eabi/14.2.1/thumb/v7-m/nofp/crtend.o
 .ARM.attributes
                0x00000a08       0x1d /Users/henrymiller/Library/Application Support/Pebble SDK/SDKs/4.9.127/toolchain/arm-none-eabi/bin/../lib/gcc/arm-none-eabi/14.2.1/thumb/v7-m/nofp/crtn.o

.comment        0x00000000       0x38
 .comment       0x00000000       0x38 /Users/henrymiller/Library/Application Support/Pebble SDK/SDKs/4.9.127/toolchain/arm-none-eabi/bin/../lib/gcc/arm-none-eabi/14.2.1/thumb/v7-m/nofp/crtbegin.o
                                 0x39 (size before relaxing)
 .comment       0x00000038       0x39 src/c/effect_layer.c.25.o
 .comment       0x00000038       0x39 src/c/effects.c.25.o
 .comment       0x00000038       0x39 src/c/main.c.25.o
 .comment       0x00000038       0x39 src/c/modules/battery.c.25.o
 .comment       0x00000038       0x39 src/c/modules/colors.c.25.o
 .comment       0x00000038       0x39 src/c/modules/comm.c.25.o
 .comment       0x00000038       0x39 src/c/modules/connection.c.25.o
 .comment       0x00000038       0x39 src/c/modules/health.c.25.o
 .comment       0x00000038       0x39 src/c/modules/weather.c.25.o
 .comment       0x00000038       0x39 src/c/modules/weather_format.c.25.o
 .comment       0x00000038       0x39 src/c/mooncalc.c.25.o
 .comment       0x00000038       0x39 src/c/state/events.c.25.o
 .comment       0x00000038       0x39 src/c/state/settings.c.25.o
 .comment       0x00000038       0x39 src/c/state/state.c.25.o
 .comment       0x00000038       0x39 src/c/ui/battery_style.c.25.o
 .comment       0x00000038       0x39 src/c/ui/formatting.c.25.o
 .comment       0x00000038       0x39 src/c/ui/layers/background.c.25.o
 .comment       0x00000038       0x39 src/c/ui/layers/date_layer.c.25.o
 .comment       0x00000038       0x39 src/c/ui/layers/status_layer.c.25.o
 .comment       0x00000038       0x39 src/c/ui/layers/time_layer.c.25.o
 .comment       0x00000038       0x39 src/c/ui/layers/weather_layer.c.25.o
 .comment       0x00000038       0x39 src/c/ui/layout.c.25.o
 .comment       0x00000038       0x39 src/c/ui/painters/digits.c.25.o
 .comment       0x00000038       0x39 basalt/appinfo.auto.c.25.o
 .comment       0x00000038       0x39 basalt/src/resource_ids.auto.c.25.o
 .comment       0x00000038       0x39 src/message_keys.auto.c.25.o
 .comment       0x00000038       0x39 /Users/henrymiller/Library/Application Support/Pebble SDK/SDKs/4.9.127/toolchain/arm-none-eabi/bin/../lib/gcc/arm-none-eabi/14.2.1/../../../../arm-none-eabi/lib/thumb/v7-m/nofp/libc.a(libc_a-atexit.o)
 .comment       0x00000038       0x39 /Users/henrymiller/Library/Application Support/Pebble SDK/SDKs/4.9.127/toolchain/arm-none-eabi/bin/../lib/gcc/arm-none-eabi/14.2.1/../../../../arm-none-eabi/lib/thumb/v7-m/nofp/libc.a(libc_a-exit.o)
 .comment       0x00000038       0x39 /Users/henrymiller/Library/Application Support/Pebble SDK/SDKs/4.9.127/toolchain/arm-none-eabi/bin/../lib/gcc/arm-none-eabi/14.2.1/../../../../arm-none-eabi/lib/thumb/v7-m/nofp/libc.a(libc_a-findfp.o)
 .comment       0x00000038       0x39 /Users/henrymiller/Library/Application Support/Pebble SDK/SDKs/4.9.127/toolchain/arm-none-eabi/bin/../lib/gcc/arm-none-eabi/14.2.1/../../../../arm-none-eabi/lib/thumb/v7-m/nofp/libc.a(libc_a-impure.o)
 .comment       0x00000038       0x39 /Users/henrymiller/Library/Application Support/Pebble SDK/SDKs/4.9.127/toolchain/arm-none-eabi/bin/../lib/gcc/arm-none-eabi/14.2.1/../../../../arm-none-eabi/lib/thumb/v7-m/nofp/libc.a(libc_a-init.o)
 .comment       0x00000038       0x39 /Users/henrymiller/Library/Application Support/Pebble SDK/SDKs/4.9.127/toolchain/arm-none-eabi/bin/../lib/gcc/arm-none-eabi/14.2.1/../../../../arm-none-eabi/lib/thumb/v7-m/nofp/libc.a(libc_a-fini.o)
 .comment       0x00000038       0x39 /Users/henrymiller/Library/Application Support/Pebble SDK/SDKs/4.9.127/toolchain/arm-none-eabi/bin/../lib/gcc/arm-none-eabi/14.2.1/../../../../arm-none-eabi/lib/thumb/v7-m/nofp/libc.a(libc_a-lock.o)
 .comment       0x00000038       0x39 /Users/henrymiller/Library/Application Support/Pebble SDK/SDKs/4.9.127/toolchain/arm-none-eabi/bin/../lib/gcc/arm-none-eabi/14.2.1/../../../../arm-none-eabi/lib/thumb/v7-m/nofp/libc.a(libc_a-__atexit.o)
 .comment       0x00000038       0x39 /Users/henrymiller/Library/Application Support/Pebble SDK/SDKs/4.9.127/toolchain/arm-none-eabi/bin/../lib/gcc/arm-none-eabi/14.2.1/../../../../arm-none-eabi/lib/thumb/v7-m/nofp/libc.a(libc_a-__call_atexit.o)
 .comment       0x00000038       0x39 /Users/henrymiller/Library/Application Support/Pebble SDK/SDKs/4.9.127/toolchain/arm-none-eabi/bin/../lib/gcc/arm-none-eabi/14.2.1/../../../../arm-none-eabi/lib/thumb/v7-m/nofp/libc.a(libc_a-mallocr.o)
 .comment       0x00000038       0x39 /Users/henrymiller/Library/Application Support/Pebble SDK/SDKs/4.9.127/toolchain/arm-none-eabi/bin/../lib/gcc/arm-none-eabi/14.2.1/../../../../arm-none-eabi/lib/thumb/v7-m/nofp/libc.a(libc_a-mlock.o)
 .comment       0x00000038       0x39 /Users/henrymiller/Library/Application Support/Pebble SDK/SDKs/4.9.127/toolchain/arm-none-eabi/bin/../lib/gcc/arm-none-eabi/14.2.1/../../../../arm-none-eabi/lib/thumb/v7-m/nofp/libc.a(libc_a-fwalk.o)
 .comment       0x00000038       0x39 /Users/henrymiller/Library/Application Support/Pebble SDK/SDKs/4.9.127/toolchain/arm-none-eabi/bin/../lib/gcc/arm-none-eabi/14.2.1/../../../../arm-none-eabi/lib/thumb/v7-m/nofp/libc.a(libc_a-fclose.o)
 .comment       0x00000038       0x39 /Users/henrymiller/Library/Application Support/Pebble SDK/SDKs/4.9.127/toolchain/arm-none-eabi/bin/../lib/gcc/arm-none-eabi/14.2.1/../../../../arm-none-eabi/lib/thumb/v7-m/nofp/libc.a(libc_a-fflush.o)
 .comment       0x00000038       0x39 /Users/henrymiller/Library/Application Support/Pebble SDK/SDKs/4.9.127/toolchain/arm-none-eabi/bin/../lib/gcc/arm-none-eabi/14.2.1/../../../../arm-none-eabi/lib/thumb/v7-m/nofp/libc.a(libc_a-stdio.o)
 .comment       0x00000038       0x39 /Users/henrymiller/Library/Application Support/Pebble SDK/SDKs/4.9.127/toolchain/arm-none-eabi/bin/../lib/gcc/arm-none-eabi/14.2.1/../../../../arm-none-eabi/lib/thumb/v7-m/nofp/libc.a(libc_a-closer.o)
 .comment       0x00000038       0x39 /Users/henrymiller/Library/Application Support/Pebble SDK/SDKs/4.9.127/toolchain/arm-none-eabi/bin/../lib/gcc/arm-none-eabi/14.2.1/../../../../arm-none-eabi/lib/thumb/v7-m/nofp/libc.a(libc_a-reent.o)
 .comment       0x00000038       0x39 /Users/henrymiller/Library/Application Support/Pebble SDK/SDKs/4.9.127/toolchain/arm-none-eabi/bin/../lib/gcc/arm-none-eabi/14.2.1/../../../../arm-none-eabi/lib/thumb/v7-m/nofp/libc.a(libc_a-lseekr.o)
 .comment       0x00000038       0x39 /Users/henrymiller/Library/Application Support/Pebble SDK/SDKs/4.9.127/toolchain/arm-none-eabi/bin/../lib/gcc/arm-none-eabi/14.2.1/../../../../arm-none-eabi/lib/thumb/v7-m/nofp/libc.a(libc_a-readr.o)
 .comment       0x00000038       0x39 /Users/henrymiller/Library/Application Support/Pebble SDK/SDKs/4.9.127/toolchain/arm-none-eabi/bin/../lib/gcc/arm-none-eabi/14.2.1/../../../../arm-none-eabi/lib/thumb/v7-m/nofp/libc.a(libc_a-sbrkr.o)
 .comment       0x00000038       0x39 /Users/henrymiller/Library/Application Support/Pebble SDK/SDKs/4.9.127/toolchain/arm-none-eabi/bin/../lib/gcc/arm-none-eabi/14.2.1/../../../../arm-none-eabi/lib/thumb/v7-m/nofp/libc.a(libc_a-writer.o)
 .comment       0x00000038       0x39 /Users/henrymiller/Library/Application Support/Pebble SDK/SDKs/4.9.127/toolchain/arm-none-eabi/bin/../lib/gcc/arm-none-eabi/14.2.1/../../../../arm-none-eabi/lib/thumb/v7-m/nofp/libc.a(libc_a-sysconf.o)
 .comment       0x00000038       0x39 /Users/henrymiller/Library/Application Support/Pebble SDK/SDKs/4.9.127/toolchain/arm-none-eabi/bin/../lib/gcc/arm-none-eabi/14.2.1/../../../../arm-none-eabi/lib/thumb/v7-m/nofp/libc.a(libc_a-freer.o)
 .comment       0x00000038       0x39 /Users/henrymiller/Library/Application Support/Pebble SDK/SDKs/4.9.127/toolchain/arm-none-eabi/bin/../lib/gcc/arm-none-eabi/14.2.1/../../../../arm-none-eabi/lib/thumb/v7-m/nofp/libc.a(libc_a-errno.o)
 .comment       0x00000038       0x39 /Users/henrymiller/Library/Application Support/Pebble SDK/SDKs/4.9.127/toolchain/arm-none-eabi/bin/../lib/gcc/arm-none-eabi/14.2.1/thumb/v7-m/nofp/crtend.o

.debug_info     0x00000000     0xfc54
 .debug_info    0x00000000      0x67b src/c/effect_layer.c.25.o
 .debug_info    0x0000067b      0x437 src/c/effects.c.25.o
 .debug_info    0x00000ab2     0x1e83 src/c/main.c.25.o
 .debug_info    0x00002935      0x837 src/c/modules/battery.c.25.o
 .debug_info    0x0000316c      0x386 src/c/modules/colors.c.25.o
 .debug_info    0x000034f2      0xaa8 src/c/modules/comm.c.25.o
 .debug_info    0x00003f9a      0x6cd src/c/modules/connection.c.25.o
 .debug_info    0x00004667      0x821 src/c/modules/health.c.25.o
 .debug_info    0x00004e88      0xe23 src/c/modules/weather.c.25.o
 .debug_info    0x00005cab      0x562 src/c/modules/weather_format.c.25.o
 .debug_info    0x0000620d      0x3cc src/c/mooncalc.c.25.o
 .debug_info    0x000065d9      0x145 src/c/state/events.c.25.o
 .debug_info    0x0000671e     0x12e7 src/c/state/settings.c.25.o
 .debug_info    0x00007a05      0x337 src/c/state/state.c.25.o
 .debug_info    0x00007d3c      0x37e src/c/ui/battery_style.c.25.o
 .debug_info    0x000080ba      0x8e0 src/c/ui/formatting.c.25.o
 .debug_info    0x0000899a     0x11f7 src/c/ui/layers/background.c.25.o
 .debug_info    0x00009b91      0x7fc src/c/ui/layers/date_layer.c.25.o
 .debug_info    0x0000a38d     0x1df5 src/c/ui/layers/status_layer.c.25.o
 .debug_info    0x0000c182      0x9d6 src/c/ui/layers/time_layer.c.25.o
 .debug_info    0x0000cb58     0x186d src/c/ui/layers/weather_layer.c.25.o
 .debug_info    0x0000e3c5      0x795 src/c/ui/layout.c.25.o
 .debug_info    0x0000eb5a      0x869 src/c/ui/painters/digits.c.25.o
 .debug_info    0x0000f3c3      0x337 basalt/appinfo.auto.c.25.o
 .debug_info    0x0000f6fa       0xbd basalt/src/resource_ids.auto.c.25.o
 .debug_info    0x0000f7b7      0x49d src/message_keys.auto.c.25.o

.debug_abbrev   0x00000000     0x3b21
 .debug_abbrev  0x00000000      0x2c6 src/c/effect_layer.c.25.o
 .debug_abbrev  0x000002c6      0x208 src/c/effects.c.25.o
 .debug_abbrev  0x000004ce      0x50e src/c/main.c.25.o
 .debug_abbrev  0x000009dc      0x2b9 src/c/modules/battery.c.25.o
 .debug_abbrev  0x00000c95      0x1d6 src/c/modules/colors.c.25.o
 .debug_abbrev  0x00000e6b      0x315 src/c/modules/comm.c.25.o
 .debug_abbrev  0x00001180      0x20d src/c/modules/connection.c.25.o
 .debug_abbrev  0x0000138d      0x1f7 src/c/modules/health.c.25.o
 .debug_abbrev  0x00001584      0x36f src/c/modules/weather.c.25.o
 .debug_abbrev  0x000018f3      0x1a9 src/c/modules/weather_format.c.25.o
 .debug_abbrev  0x00001a9c      0x15f src/c/mooncalc.c.25.o
 .debug_abbrev  0x00001bfb       0xe4 src/c/state/events.c.25.o
 .debug_abbrev  0x00001cdf      0x32d src/c/state/settings.c.25.o
 .debug_abbrev  0x0000200c       0xb8 src/c/state/state.c.25.o
 .debug_abbrev  0x000020c4      0x155 src/c/ui/battery_style.c.25.o
 .debug_abbrev  0x00002219      0x290 src/c/ui/formatting.c.25.o
 .debug_abbrev  0x000024a9      0x31c src/c/ui/layers/background.c.25.o
 .debug_abbrev  0x000027c5      0x288 src/c/ui/layers/date_layer.c.25.o
 .debug_abbrev  0x00002a4d      0x481 src/c/ui/layers/status_layer.c.25.o
 .debug_abbrev  0x00002ece      0x2f1 src/c/ui/layers/time_layer.c.25.o
 .debug_abbrev  0x000031bf      0x382 src/c/ui/layers/weather_layer.c.25.o
 .debug_abbrev  0x00003541      0x211 src/c/ui/layout.c.25.o
 .debug_abbrev  0x00003752      0x282 src/c/ui/painters/digits.c.25.o
 .debug_abbrev  0x000039d4       0xb9 basalt/appinfo.auto.c.25.o
 .debug_abbrev  0x00003a8d       0x4a basalt/src/resource_ids.auto.c.25.o
 .debug_abbrev  0x00003ad7       0x4a src/message_keys.auto.c.25.o

.debug_loclists
                0x00000000     0x3d0f
 .debug_loclists
                0x00000000      0x229 src/c/effect_layer.c.25.o
 .debug_loclists
                0x00000229      0x225 src/c/effects.c.25.o
 .debug_loclists
                0x0000044e      0x5de src/c/main.c.25.o
 .debug_loclists
                0x00000a2c      0x241 src/c/modules/battery.c.25.o
 .debug_loclists
                0x00000c6d      0x14e src/c/modules/colors.c.25.o
 .debug_loclists
                0x00000dbb      0x140 src/c/modules/comm.c.25.o
 .debug_loclists
                0x00000efb       0x7c src/c/modules/connection.c.25.o
 .debug_loclists
                0x00000f77      0x104 src/c/modules/health.c.25.o
 .debug_loclists
                0x0000107b      0x329 src/c/modules/weather.c.25.o
 .debug_loclists
                0x000013a4      0x4b9 src/c/modules/weather_format.c.25.o
 .debug_loclists
                0x0000185d      0x155 src/c/mooncalc.c.25.o
 .debug_loclists
                0x000019b2       0x41 src/c/state/events.c.25.o
 .debug_loclists
                0x000019f3      0x323 src/c/state/settings.c.25.o
 .debug_loclists
                0x00001d16       0xdf src/c/ui/battery_style.c.25.o
 .debug_loclists
                0x00001df5      0x603 src/c/ui/formatting.c.25.o
 .debug_loclists
                0x000023f8      0x28a src/c/ui/layers/background.c.25.o
 .debug_loclists
                0x00002682      0x16b src/c/ui/layers/date_layer.c.25.o
 .debug_loclists
                0x000027ed      0x740 src/c/ui/layers/status_layer.c.25.o
 .debug_loclists
                0x00002f2d      0x39f src/c/ui/layers/time_layer.c.25.o
 .debug_loclists
                0x000032cc      0x3f9 src/c/ui/layers/weather_layer.c.25.o
 .debug_loclists
                0x000036c5      0x1d7 src/c/ui/layout.c.25.o
 .debug_loclists
                0x0000389c      0x473 src/c/ui/painters/digits.c.25.o

.debug_aranges  0x00000000      0x618
 .debug_aranges
                0x00000000       0x40 src/c/effect_layer.c.25.o
 .debug_aranges
                0x00000040       0x20 src/c/effects.c.25.o
 .debug_aranges
                0x00000060       0x60 src/c/main.c.25.o
 .debug_aranges
                0x000000c0       0x30 src/c/modules/battery.c.25.o
 .debug_aranges
                0x000000f0       0x30 src/c/modules/colors.c.25.o
 .debug_aranges
                0x00000120       0x50 src/c/modules/comm.c.25.o
 .debug_aranges
                0x00000170       0x30 src/c/modules/connection.c.25.o
 .debug_aranges
                0x000001a0       0x38 src/c/modules/health.c.25.o
 .debug_aranges
                0x000001d8       0x58 src/c/modules/weather.c.25.o
 .debug_aranges
                0x00000230       0x38 src/c/modules/weather_format.c.25.o
 .debug_aranges
                0x00000268       0x38 src/c/mooncalc.c.25.o
 .debug_aranges
                0x000002a0       0x30 src/c/state/events.c.25.o
 .debug_aranges
                0x000002d0       0x48 src/c/state/settings.c.25.o
 .debug_aranges
                0x00000318       0x28 src/c/state/state.c.25.o
 .debug_aranges
                0x00000340       0x20 src/c/ui/battery_style.c.25.o
 .debug_aranges
                0x00000360       0x50 src/c/ui/formatting.c.25.o
 .debug_aranges
                0x000003b0       0x40 src/c/ui/layers/background.c.25.o
 .debug_aranges
                0x000003f0       0x50 src/c/ui/layers/date_layer.c.25.o
 .debug_aranges
                0x00000440       0x48 src/c/ui/layers/status_layer.c.25.o
 .debug_aranges
                0x00000488       0x58 src/c/ui/layers/time_layer.c.25.o
 .debug_aranges
                0x000004e0       0x48 src/c/ui/layers/weather_layer.c.25.o
 .debug_aranges
                0x00000528       0x78 src/c/ui/layout.c.25.o
 .debug_aranges
                0x000005a0       0x30 src/c/ui/painters/digits.c.25.o
 .debug_aranges
                0x000005d0       0x18 basalt/appinfo.auto.c.25.o
 .debug_aranges
                0x000005e8       0x18 basalt/src/resource_ids.auto.c.25.o
 .debug_aranges
                0x00000600       0x18 src/message_keys.auto.c.25.o

.debug_rnglists
                0x00000000      0x65b
 .debug_rnglists
                0x00000000       0x46 src/c/effect_layer.c.25.o
 .debug_rnglists
                0x00000046       0x2f src/c/effects.c.25.o
 .debug_rnglists
                0x00000075      0x108 src/c/main.c.25.o
 .debug_rnglists
                0x0000017d       0x3f src/c/modules/battery.c.25.o
 .debug_rnglists
                0x000001bc       0x20 src/c/modules/colors.c.25.o
 .debug_rnglists
                0x000001dc       0x37 src/c/modules/comm.c.25.o
 .debug_rnglists
                0x00000213       0x2b src/c/modules/connection.c.25.o
 .debug_rnglists
                0x0000023e       0x58 src/c/modules/health.c.25.o
 .debug_rnglists
                0x00000296       0x40 src/c/modules/weather.c.25.o
 .debug_rnglists
                0x000002d6       0x4e src/c/modules/weather_format.c.25.o
 .debug_rnglists
                0x00000324       0x26 src/c/mooncalc.c.25.o
 .debug_rnglists
                0x0000034a       0x1f src/c/state/events.c.25.o
 .debug_rnglists
                0x00000369       0x4e src/c/state/settings.c.25.o
 .debug_rnglists
                0x000003b7       0x19 src/c/state/state.c.25.o
 .debug_rnglists
                0x000003d0       0x13 src/c/ui/battery_style.c.25.o
 .debug_rnglists
                0x000003e3       0x38 src/c/ui/formatting.c.25.o
 .debug_rnglists
                0x0000041b       0x2c src/c/ui/layers/background.c.25.o
 .debug_rnglists
                0x00000447       0x38 src/c/ui/layers/date_layer.c.25.o
 .debug_rnglists
                0x0000047f       0x6f src/c/ui/layers/status_layer.c.25.o
 .debug_rnglists
                0x000004ee       0x4a src/c/ui/layers/time_layer.c.25.o
 .debug_rnglists
                0x00000538       0x69 src/c/ui/layers/weather_layer.c.25.o
 .debug_rnglists
                0x000005a1       0x55 src/c/ui/layout.c.25.o
 .debug_rnglists
                0x000005f6       0x65 src/c/ui/painters/digits.c.25.o

.debug_line     0x00000000     0x7ed9
 .debug_line    0x00000000      0x4b6 src/c/effect_layer.c.25.o
 .debug_line    0x000004b6      0x2ac src/c/effects.c.25.o
 .debug_line    0x00000762      0xc9c src/c/main.c.25.o
 .debug_line    0x000013fe      0x514 src/c/modules/battery.c.25.o
 .debug_line    0x00001912      0x40c src/c/modules/colors.c.25.o
 .debug_line    0x00001d1e      0x398 src/c/modules/comm.c.25.o
 .debug_line    0x000020b6      0x2b4 src/c/modules/connection.c.25.o
 .debug_line    0x0000236a      0x3a7 src/c/modules/health.c.25.o
 .debug_line    0x00002711      0x8d6 src/c/modules/weather.c.25.o
 .debug_line    0x00002fe7      0x341 src/c/modules/weather_format.c.25.o
 .debug_line    0x00003328      0x20a src/c/mooncalc.c.25.o
 .debug_line    0x00003532       0xa2 src/c/state/events.c.25.o
 .debug_line    0x000035d4      0xbe2 src/c/state/settings.c.25.o
 .debug_line    0x000041b6      0x1e4 src/c/state/state.c.25.o
 .debug_line    0x0000439a      0x278 src/c/ui/battery_style.c.25.o
 .debug_line    0x00004612      0x486 src/c/ui/formatting.c.25.o
 .debug_line    0x00004a98      0x61b src/c/ui/layers/background.c.25.o
 .debug_line    0x000050b3      0x3c6 src/c/ui/layers/date_layer.c.25.o
 .debug_line    0x00005479      0xab0 src/c/ui/layers/status_layer.c.25.o
 .debug_line    0x00005f29      0x576 src/c/ui/layers/time_layer.c.25.o
 .debug_line    0x0000649f      0x996 src/c/ui/layers/weather_layer.c.25.o
 .debug_line    0x00006e35      0x4d9 src/c/ui/layout.c.25.o
 .debug_line    0x0000730e      0x761 src/c/ui/painters/digits.c.25.o
 .debug_line    0x00007a6f      0x1c5 basalt/appinfo.auto.c.25.o
 .debug_line    0x00007c34      0x156 basalt/src/resource_ids.auto.c.25.o